14:00:47 **** Build of configuration Debug for project rtos_td_shell ****
make -j8 all 
arm-none-eabi-gcc "../shell/drv_uart1.c" -mcpu=cortex-m7 -std=gnu11 -g3 -DDEBUG -DUSE_HAL_DRIVER -DSTM32F746xx -c -I../Core/Inc -I../Drivers/STM32F7xx_HAL_Driver/Inc -I../Drivers/STM32F7xx_HAL_Driver/Inc/Legacy -I../Drivers/CMSIS/Device/ST/STM32F7xx/Include -I../Drivers/CMSIS/Include -I"D:/Quentin_Documents/Cergy/ENSEA/3A/Noyau Temps Reel/TP2-Shell/rtos_td_shell-main/correction/shell" -O0 -ffunction-sections -fdata-sections -Wall -fstack-usage -MMD -MP -MF"shell/drv_uart1.d" -MT"shell/drv_uart1.o" --specs=nano.specs -mfpu=fpv5-sp-d16 -mfloat-abi=hard -mthumb -o "shell/drv_uart1.o"
arm-none-eabi-gcc "../shell/shell.c" -mcpu=cortex-m7 -std=gnu11 -g3 -DDEBUG -DUSE_HAL_DRIVER -DSTM32F746xx -c -I../Core/Inc -I../Drivers/STM32F7xx_HAL_Driver/Inc -I../Drivers/STM32F7xx_HAL_Driver/Inc/Legacy -I../Drivers/CMSIS/Device/ST/STM32F7xx/Include -I../Drivers/CMSIS/Include -I"D:/Quentin_Documents/Cergy/ENSEA/3A/Noyau Temps Reel/TP2-Shell/rtos_td_shell-main/correction/shell" -O0 -ffunction-sections -fdata-sections -Wall -fstack-usage -MMD -MP -MF"shell/shell.d" -MT"shell/shell.o" --specs=nano.specs -mfpu=fpv5-sp-d16 -mfloat-abi=hard -mthumb -o "shell/shell.o"
arm-none-eabi-gcc "../Drivers/STM32F7xx_HAL_Driver/Src/stm32f7xx_hal.c" -mcpu=cortex-m7 -std=gnu11 -g3 -DDEBUG -DUSE_HAL_DRIVER -DSTM32F746xx -c -I../Core/Inc -I../Drivers/STM32F7xx_HAL_Driver/Inc -I../Drivers/STM32F7xx_HAL_Driver/Inc/Legacy -I../Drivers/CMSIS/Device/ST/STM32F7xx/Include -I../Drivers/CMSIS/Include -I"D:/Quentin_Documents/Cergy/ENSEA/3A/Noyau Temps Reel/TP2-Shell/rtos_td_shell-main/correction/shell" -O0 -ffunction-sections -fdata-sections -Wall -fstack-usage -MMD -MP -MF"Drivers/STM32F7xx_HAL_Driver/Src/stm32f7xx_hal.d" -MT"Drivers/STM32F7xx_HAL_Driver/Src/stm32f7xx_hal.o" --specs=nano.specs -mfpu=fpv5-sp-d16 -mfloat-abi=hard -mthumb -o "Drivers/STM32F7xx_HAL_Driver/Src/stm32f7xx_hal.o"
arm-none-eabi-gcc "../Drivers/STM32F7xx_HAL_Driver/Src/stm32f7xx_hal_cortex.c" -mcpu=cortex-m7 -std=gnu11 -g3 -DDEBUG -DUSE_HAL_DRIVER -DSTM32F746xx -c -I../Core/Inc -I../Drivers/STM32F7xx_HAL_Driver/Inc -I../Drivers/STM32F7xx_HAL_Driver/Inc/Legacy -I../Drivers/CMSIS/Device/ST/STM32F7xx/Include -I../Drivers/CMSIS/Include -I"D:/Quentin_Documents/Cergy/ENSEA/3A/Noyau Temps Reel/TP2-Shell/rtos_td_shell-main/correction/shell" -O0 -ffunction-sections -fdata-sections -Wall -fstack-usage -MMD -MP -MF"Drivers/STM32F7xx_HAL_Driver/Src/stm32f7xx_hal_cortex.d" -MT"Drivers/STM32F7xx_HAL_Driver/Src/stm32f7xx_hal_cortex.o" --specs=nano.specs -mfpu=fpv5-sp-d16 -mfloat-abi=hard -mthumb -o "Drivers/STM32F7xx_HAL_Driver/Src/stm32f7xx_hal_cortex.o"
arm-none-eabi-gcc "../Drivers/STM32F7xx_HAL_Driver/Src/stm32f7xx_hal_dma.c" -mcpu=cortex-m7 -std=gnu11 -g3 -DDEBUG -DUSE_HAL_DRIVER -DSTM32F746xx -c -I../Core/Inc -I../Drivers/STM32F7xx_HAL_Driver/Inc -I../Drivers/STM32F7xx_HAL_Driver/Inc/Legacy -I../Drivers/CMSIS/Device/ST/STM32F7xx/Include -I../Drivers/CMSIS/Include -I"D:/Quentin_Documents/Cergy/ENSEA/3A/Noyau Temps Reel/TP2-Shell/rtos_td_shell-main/correction/shell" -O0 -ffunction-sections -fdata-sections -Wall -fstack-usage -MMD -MP -MF"Drivers/STM32F7xx_HAL_Driver/Src/stm32f7xx_hal_dma.d" -MT"Drivers/STM32F7xx_HAL_Driver/Src/stm32f7xx_hal_dma.o" --specs=nano.specs -mfpu=fpv5-sp-d16 -mfloat-abi=hard -mthumb -o "Drivers/STM32F7xx_HAL_Driver/Src/stm32f7xx_hal_dma.o"
arm-none-eabi-gcc "../Drivers/STM32F7xx_HAL_Driver/Src/stm32f7xx_hal_dma_ex.c" -mcpu=cortex-m7 -std=gnu11 -g3 -DDEBUG -DUSE_HAL_DRIVER -DSTM32F746xx -c -I../Core/Inc -I../Drivers/STM32F7xx_HAL_Driver/Inc -I../Drivers/STM32F7xx_HAL_Driver/Inc/Legacy -I../Drivers/CMSIS/Device/ST/STM32F7xx/Include -I../Drivers/CMSIS/Include -I"D:/Quentin_Documents/Cergy/ENSEA/3A/Noyau Temps Reel/TP2-Shell/rtos_td_shell-main/correction/shell" -O0 -ffunction-sections -fdata-sections -Wall -fstack-usage -MMD -MP -MF"Drivers/STM32F7xx_HAL_Driver/Src/stm32f7xx_hal_dma_ex.d" -MT"Drivers/STM32F7xx_HAL_Driver/Src/stm32f7xx_hal_dma_ex.o" --specs=nano.specs -mfpu=fpv5-sp-d16 -mfloat-abi=hard -mthumb -o "Drivers/STM32F7xx_HAL_Driver/Src/stm32f7xx_hal_dma_ex.o"
arm-none-eabi-gcc "../Drivers/STM32F7xx_HAL_Driver/Src/stm32f7xx_hal_exti.c" -mcpu=cortex-m7 -std=gnu11 -g3 -DDEBUG -DUSE_HAL_DRIVER -DSTM32F746xx -c -I../Core/Inc -I../Drivers/STM32F7xx_HAL_Driver/Inc -I../Drivers/STM32F7xx_HAL_Driver/Inc/Legacy -I../Drivers/CMSIS/Device/ST/STM32F7xx/Include -I../Drivers/CMSIS/Include -I"D:/Quentin_Documents/Cergy/ENSEA/3A/Noyau Temps Reel/TP2-Shell/rtos_td_shell-main/correction/shell" -O0 -ffunction-sections -fdata-sections -Wall -fstack-usage -MMD -MP -MF"Drivers/STM32F7xx_HAL_Driver/Src/stm32f7xx_hal_exti.d" -MT"Drivers/STM32F7xx_HAL_Driver/Src/stm32f7xx_hal_exti.o" --specs=nano.specs -mfpu=fpv5-sp-d16 -mfloat-abi=hard -mthumb -o "Drivers/STM32F7xx_HAL_Driver/Src/stm32f7xx_hal_exti.o"
arm-none-eabi-gcc "../Drivers/STM32F7xx_HAL_Driver/Src/stm32f7xx_hal_flash.c" -mcpu=cortex-m7 -std=gnu11 -g3 -DDEBUG -DUSE_HAL_DRIVER -DSTM32F746xx -c -I../Core/Inc -I../Drivers/STM32F7xx_HAL_Driver/Inc -I../Drivers/STM32F7xx_HAL_Driver/Inc/Legacy -I../Drivers/CMSIS/Device/ST/STM32F7xx/Include -I../Drivers/CMSIS/Include -I"D:/Quentin_Documents/Cergy/ENSEA/3A/Noyau Temps Reel/TP2-Shell/rtos_td_shell-main/correction/shell" -O0 -ffunction-sections -fdata-sections -Wall -fstack-usage -MMD -MP -MF"Drivers/STM32F7xx_HAL_Driver/Src/stm32f7xx_hal_flash.d" -MT"Drivers/STM32F7xx_HAL_Driver/Src/stm32f7xx_hal_flash.o" --specs=nano.specs -mfpu=fpv5-sp-d16 -mfloat-abi=hard -mthumb -o "Drivers/STM32F7xx_HAL_Driver/Src/stm32f7xx_hal_flash.o"
arm-none-eabi-gcc "../Drivers/STM32F7xx_HAL_Driver/Src/stm32f7xx_hal_flash_ex.c" -mcpu=cortex-m7 -std=gnu11 -g3 -DDEBUG -DUSE_HAL_DRIVER -DSTM32F746xx -c -I../Core/Inc -I../Drivers/STM32F7xx_HAL_Driver/Inc -I../Drivers/STM32F7xx_HAL_Driver/Inc/Legacy -I../Drivers/CMSIS/Device/ST/STM32F7xx/Include -I../Drivers/CMSIS/Include -I"D:/Quentin_Documents/Cergy/ENSEA/3A/Noyau Temps Reel/TP2-Shell/rtos_td_shell-main/correction/shell" -O0 -ffunction-sections -fdata-sections -Wall -fstack-usage -MMD -MP -MF"Drivers/STM32F7xx_HAL_Driver/Src/stm32f7xx_hal_flash_ex.d" -MT"Drivers/STM32F7xx_HAL_Driver/Src/stm32f7xx_hal_flash_ex.o" --specs=nano.specs -mfpu=fpv5-sp-d16 -mfloat-abi=hard -mthumb -o "Drivers/STM32F7xx_HAL_Driver/Src/stm32f7xx_hal_flash_ex.o"
arm-none-eabi-gcc "../Drivers/STM32F7xx_HAL_Driver/Src/stm32f7xx_hal_gpio.c" -mcpu=cortex-m7 -std=gnu11 -g3 -DDEBUG -DUSE_HAL_DRIVER -DSTM32F746xx -c -I../Core/Inc -I../Drivers/STM32F7xx_HAL_Driver/Inc -I../Drivers/STM32F7xx_HAL_Driver/Inc/Legacy -I../Drivers/CMSIS/Device/ST/STM32F7xx/Include -I../Drivers/CMSIS/Include -I"D:/Quentin_Documents/Cergy/ENSEA/3A/Noyau Temps Reel/TP2-Shell/rtos_td_shell-main/correction/shell" -O0 -ffunction-sections -fdata-sections -Wall -fstack-usage -MMD -MP -MF"Drivers/STM32F7xx_HAL_Driver/Src/stm32f7xx_hal_gpio.d" -MT"Drivers/STM32F7xx_HAL_Driver/Src/stm32f7xx_hal_gpio.o" --specs=nano.specs -mfpu=fpv5-sp-d16 -mfloat-abi=hard -mthumb -o "Drivers/STM32F7xx_HAL_Driver/Src/stm32f7xx_hal_gpio.o"
arm-none-eabi-gcc "../Drivers/STM32F7xx_HAL_Driver/Src/stm32f7xx_hal_i2c.c" -mcpu=cortex-m7 -std=gnu11 -g3 -DDEBUG -DUSE_HAL_DRIVER -DSTM32F746xx -c -I../Core/Inc -I../Drivers/STM32F7xx_HAL_Driver/Inc -I../Drivers/STM32F7xx_HAL_Driver/Inc/Legacy -I../Drivers/CMSIS/Device/ST/STM32F7xx/Include -I../Drivers/CMSIS/Include -I"D:/Quentin_Documents/Cergy/ENSEA/3A/Noyau Temps Reel/TP2-Shell/rtos_td_shell-main/correction/shell" -O0 -ffunction-sections -fdata-sections -Wall -fstack-usage -MMD -MP -MF"Drivers/STM32F7xx_HAL_Driver/Src/stm32f7xx_hal_i2c.d" -MT"Drivers/STM32F7xx_HAL_Driver/Src/stm32f7xx_hal_i2c.o" --specs=nano.specs -mfpu=fpv5-sp-d16 -mfloat-abi=hard -mthumb -o "Drivers/STM32F7xx_HAL_Driver/Src/stm32f7xx_hal_i2c.o"
arm-none-eabi-gcc "../Drivers/STM32F7xx_HAL_Driver/Src/stm32f7xx_hal_i2c_ex.c" -mcpu=cortex-m7 -std=gnu11 -g3 -DDEBUG -DUSE_HAL_DRIVER -DSTM32F746xx -c -I../Core/Inc -I../Drivers/STM32F7xx_HAL_Driver/Inc -I../Drivers/STM32F7xx_HAL_Driver/Inc/Legacy -I../Drivers/CMSIS/Device/ST/STM32F7xx/Include -I../Drivers/CMSIS/Include -I"D:/Quentin_Documents/Cergy/ENSEA/3A/Noyau Temps Reel/TP2-Shell/rtos_td_shell-main/correction/shell" -O0 -ffunction-sections -fdata-sections -Wall -fstack-usage -MMD -MP -MF"Drivers/STM32F7xx_HAL_Driver/Src/stm32f7xx_hal_i2c_ex.d" -MT"Drivers/STM32F7xx_HAL_Driver/Src/stm32f7xx_hal_i2c_ex.o" --specs=nano.specs -mfpu=fpv5-sp-d16 -mfloat-abi=hard -mthumb -o "Drivers/STM32F7xx_HAL_Driver/Src/stm32f7xx_hal_i2c_ex.o"
arm-none-eabi-gcc "../Drivers/STM32F7xx_HAL_Driver/Src/stm32f7xx_hal_pwr.c" -mcpu=cortex-m7 -std=gnu11 -g3 -DDEBUG -DUSE_HAL_DRIVER -DSTM32F746xx -c -I../Core/Inc -I../Drivers/STM32F7xx_HAL_Driver/Inc -I../Drivers/STM32F7xx_HAL_Driver/Inc/Legacy -I../Drivers/CMSIS/Device/ST/STM32F7xx/Include -I../Drivers/CMSIS/Include -I"D:/Quentin_Documents/Cergy/ENSEA/3A/Noyau Temps Reel/TP2-Shell/rtos_td_shell-main/correction/shell" -O0 -ffunction-sections -fdata-sections -Wall -fstack-usage -MMD -MP -MF"Drivers/STM32F7xx_HAL_Driver/Src/stm32f7xx_hal_pwr.d" -MT"Drivers/STM32F7xx_HAL_Driver/Src/stm32f7xx_hal_pwr.o" --specs=nano.specs -mfpu=fpv5-sp-d16 -mfloat-abi=hard -mthumb -o "Drivers/STM32F7xx_HAL_Driver/Src/stm32f7xx_hal_pwr.o"
arm-none-eabi-gcc "../Drivers/STM32F7xx_HAL_Driver/Src/stm32f7xx_hal_pwr_ex.c" -mcpu=cortex-m7 -std=gnu11 -g3 -DDEBUG -DUSE_HAL_DRIVER -DSTM32F746xx -c -I../Core/Inc -I../Drivers/STM32F7xx_HAL_Driver/Inc -I../Drivers/STM32F7xx_HAL_Driver/Inc/Legacy -I../Drivers/CMSIS/Device/ST/STM32F7xx/Include -I../Drivers/CMSIS/Include -I"D:/Quentin_Documents/Cergy/ENSEA/3A/Noyau Temps Reel/TP2-Shell/rtos_td_shell-main/correction/shell" -O0 -ffunction-sections -fdata-sections -Wall -fstack-usage -MMD -MP -MF"Drivers/STM32F7xx_HAL_Driver/Src/stm32f7xx_hal_pwr_ex.d" -MT"Drivers/STM32F7xx_HAL_Driver/Src/stm32f7xx_hal_pwr_ex.o" --specs=nano.specs -mfpu=fpv5-sp-d16 -mfloat-abi=hard -mthumb -o "Drivers/STM32F7xx_HAL_Driver/Src/stm32f7xx_hal_pwr_ex.o"
arm-none-eabi-gcc "../Drivers/STM32F7xx_HAL_Driver/Src/stm32f7xx_hal_rcc.c" -mcpu=cortex-m7 -std=gnu11 -g3 -DDEBUG -DUSE_HAL_DRIVER -DSTM32F746xx -c -I../Core/Inc -I../Drivers/STM32F7xx_HAL_Driver/Inc -I../Drivers/STM32F7xx_HAL_Driver/Inc/Legacy -I../Drivers/CMSIS/Device/ST/STM32F7xx/Include -I../Drivers/CMSIS/Include -I"D:/Quentin_Documents/Cergy/ENSEA/3A/Noyau Temps Reel/TP2-Shell/rtos_td_shell-main/correction/shell" -O0 -ffunction-sections -fdata-sections -Wall -fstack-usage -MMD -MP -MF"Drivers/STM32F7xx_HAL_Driver/Src/stm32f7xx_hal_rcc.d" -MT"Drivers/STM32F7xx_HAL_Driver/Src/stm32f7xx_hal_rcc.o" --specs=nano.specs -mfpu=fpv5-sp-d16 -mfloat-abi=hard -mthumb -o "Drivers/STM32F7xx_HAL_Driver/Src/stm32f7xx_hal_rcc.o"
arm-none-eabi-gcc "../Drivers/STM32F7xx_HAL_Driver/Src/stm32f7xx_hal_rcc_ex.c" -mcpu=cortex-m7 -std=gnu11 -g3 -DDEBUG -DUSE_HAL_DRIVER -DSTM32F746xx -c -I../Core/Inc -I../Drivers/STM32F7xx_HAL_Driver/Inc -I../Drivers/STM32F7xx_HAL_Driver/Inc/Legacy -I../Drivers/CMSIS/Device/ST/STM32F7xx/Include -I../Drivers/CMSIS/Include -I"D:/Quentin_Documents/Cergy/ENSEA/3A/Noyau Temps Reel/TP2-Shell/rtos_td_shell-main/correction/shell" -O0 -ffunction-sections -fdata-sections -Wall -fstack-usage -MMD -MP -MF"Drivers/STM32F7xx_HAL_Driver/Src/stm32f7xx_hal_rcc_ex.d" -MT"Drivers/STM32F7xx_HAL_Driver/Src/stm32f7xx_hal_rcc_ex.o" --specs=nano.specs -mfpu=fpv5-sp-d16 -mfloat-abi=hard -mthumb -o "Drivers/STM32F7xx_HAL_Driver/Src/stm32f7xx_hal_rcc_ex.o"
arm-none-eabi-gcc "../Drivers/STM32F7xx_HAL_Driver/Src/stm32f7xx_hal_tim.c" -mcpu=cortex-m7 -std=gnu11 -g3 -DDEBUG -DUSE_HAL_DRIVER -DSTM32F746xx -c -I../Core/Inc -I../Drivers/STM32F7xx_HAL_Driver/Inc -I../Drivers/STM32F7xx_HAL_Driver/Inc/Legacy -I../Drivers/CMSIS/Device/ST/STM32F7xx/Include -I../Drivers/CMSIS/Include -I"D:/Quentin_Documents/Cergy/ENSEA/3A/Noyau Temps Reel/TP2-Shell/rtos_td_shell-main/correction/shell" -O0 -ffunction-sections -fdata-sections -Wall -fstack-usage -MMD -MP -MF"Drivers/STM32F7xx_HAL_Driver/Src/stm32f7xx_hal_tim.d" -MT"Drivers/STM32F7xx_HAL_Driver/Src/stm32f7xx_hal_tim.o" --specs=nano.specs -mfpu=fpv5-sp-d16 -mfloat-abi=hard -mthumb -o "Drivers/STM32F7xx_HAL_Driver/Src/stm32f7xx_hal_tim.o"
arm-none-eabi-gcc "../Drivers/STM32F7xx_HAL_Driver/Src/stm32f7xx_hal_tim_ex.c" -mcpu=cortex-m7 -std=gnu11 -g3 -DDEBUG -DUSE_HAL_DRIVER -DSTM32F746xx -c -I../Core/Inc -I../Drivers/STM32F7xx_HAL_Driver/Inc -I../Drivers/STM32F7xx_HAL_Driver/Inc/Legacy -I../Drivers/CMSIS/Device/ST/STM32F7xx/Include -I../Drivers/CMSIS/Include -I"D:/Quentin_Documents/Cergy/ENSEA/3A/Noyau Temps Reel/TP2-Shell/rtos_td_shell-main/correction/shell" -O0 -ffunction-sections -fdata-sections -Wall -fstack-usage -MMD -MP -MF"Drivers/STM32F7xx_HAL_Driver/Src/stm32f7xx_hal_tim_ex.d" -MT"Drivers/STM32F7xx_HAL_Driver/Src/stm32f7xx_hal_tim_ex.o" --specs=nano.specs -mfpu=fpv5-sp-d16 -mfloat-abi=hard -mthumb -o "Drivers/STM32F7xx_HAL_Driver/Src/stm32f7xx_hal_tim_ex.o"
arm-none-eabi-gcc "../Drivers/STM32F7xx_HAL_Driver/Src/stm32f7xx_hal_uart.c" -mcpu=cortex-m7 -std=gnu11 -g3 -DDEBUG -DUSE_HAL_DRIVER -DSTM32F746xx -c -I../Core/Inc -I../Drivers/STM32F7xx_HAL_Driver/Inc -I../Drivers/STM32F7xx_HAL_Driver/Inc/Legacy -I../Drivers/CMSIS/Device/ST/STM32F7xx/Include -I../Drivers/CMSIS/Include -I"D:/Quentin_Documents/Cergy/ENSEA/3A/Noyau Temps Reel/TP2-Shell/rtos_td_shell-main/correction/shell" -O0 -ffunction-sections -fdata-sections -Wall -fstack-usage -MMD -MP -MF"Drivers/STM32F7xx_HAL_Driver/Src/stm32f7xx_hal_uart.d" -MT"Drivers/STM32F7xx_HAL_Driver/Src/stm32f7xx_hal_uart.o" --specs=nano.specs -mfpu=fpv5-sp-d16 -mfloat-abi=hard -mthumb -o "Drivers/STM32F7xx_HAL_Driver/Src/stm32f7xx_hal_uart.o"
arm-none-eabi-gcc "../Drivers/STM32F7xx_HAL_Driver/Src/stm32f7xx_hal_uart_ex.c" -mcpu=cortex-m7 -std=gnu11 -g3 -DDEBUG -DUSE_HAL_DRIVER -DSTM32F746xx -c -I../Core/Inc -I../Drivers/STM32F7xx_HAL_Driver/Inc -I../Drivers/STM32F7xx_HAL_Driver/Inc/Legacy -I../Drivers/CMSIS/Device/ST/STM32F7xx/Include -I../Drivers/CMSIS/Include -I"D:/Quentin_Documents/Cergy/ENSEA/3A/Noyau Temps Reel/TP2-Shell/rtos_td_shell-main/correction/shell" -O0 -ffunction-sections -fdata-sections -Wall -fstack-usage -MMD -MP -MF"Drivers/STM32F7xx_HAL_Driver/Src/stm32f7xx_hal_uart_ex.d" -MT"Drivers/STM32F7xx_HAL_Driver/Src/stm32f7xx_hal_uart_ex.o" --specs=nano.specs -mfpu=fpv5-sp-d16 -mfloat-abi=hard -mthumb -o "Drivers/STM32F7xx_HAL_Driver/Src/stm32f7xx_hal_uart_ex.o"
arm-none-eabi-gcc -mcpu=cortex-m7 -g3 -DDEBUG -c -I"D:/Quentin_Documents/Cergy/ENSEA/3A/Noyau Temps Reel/TP2-Shell/rtos_td_shell-main/correction/shell" -x assembler-with-cpp -MMD -MP -MF"Core/Startup/startup_stm32f746nghx.d" -MT"Core/Startup/startup_stm32f746nghx.o" --specs=nano.specs -mfpu=fpv5-sp-d16 -mfloat-abi=hard -mthumb -o "Core/Startup/startup_stm32f746nghx.o" "../Core/Startup/startup_stm32f746nghx.s"
arm-none-eabi-gcc "../Core/Src/gpio.c" -mcpu=cortex-m7 -std=gnu11 -g3 -DDEBUG -DUSE_HAL_DRIVER -DSTM32F746xx -c -I../Core/Inc -I../Drivers/STM32F7xx_HAL_Driver/Inc -I../Drivers/STM32F7xx_HAL_Driver/Inc/Legacy -I../Drivers/CMSIS/Device/ST/STM32F7xx/Include -I../Drivers/CMSIS/Include -I"D:/Quentin_Documents/Cergy/ENSEA/3A/Noyau Temps Reel/TP2-Shell/rtos_td_shell-main/correction/shell" -O0 -ffunction-sections -fdata-sections -Wall -fstack-usage -MMD -MP -MF"Core/Src/gpio.d" -MT"Core/Src/gpio.o" --specs=nano.specs -mfpu=fpv5-sp-d16 -mfloat-abi=hard -mthumb -o "Core/Src/gpio.o"
arm-none-eabi-gcc "../Core/Src/main.c" -mcpu=cortex-m7 -std=gnu11 -g3 -DDEBUG -DUSE_HAL_DRIVER -DSTM32F746xx -c -I../Core/Inc -I../Drivers/STM32F7xx_HAL_Driver/Inc -I../Drivers/STM32F7xx_HAL_Driver/Inc/Legacy -I../Drivers/CMSIS/Device/ST/STM32F7xx/Include -I../Drivers/CMSIS/Include -I"D:/Quentin_Documents/Cergy/ENSEA/3A/Noyau Temps Reel/TP2-Shell/rtos_td_shell-main/correction/shell" -O0 -ffunction-sections -fdata-sections -Wall -fstack-usage -MMD -MP -MF"Core/Src/main.d" -MT"Core/Src/main.o" --specs=nano.specs -mfpu=fpv5-sp-d16 -mfloat-abi=hard -mthumb -o "Core/Src/main.o"
arm-none-eabi-gcc "../Core/Src/stm32f7xx_hal_msp.c" -mcpu=cortex-m7 -std=gnu11 -g3 -DDEBUG -DUSE_HAL_DRIVER -DSTM32F746xx -c -I../Core/Inc -I../Drivers/STM32F7xx_HAL_Driver/Inc -I../Drivers/STM32F7xx_HAL_Driver/Inc/Legacy -I../Drivers/CMSIS/Device/ST/STM32F7xx/Include -I../Drivers/CMSIS/Include -I"D:/Quentin_Documents/Cergy/ENSEA/3A/Noyau Temps Reel/TP2-Shell/rtos_td_shell-main/correction/shell" -O0 -ffunction-sections -fdata-sections -Wall -fstack-usage -MMD -MP -MF"Core/Src/stm32f7xx_hal_msp.d" -MT"Core/Src/stm32f7xx_hal_msp.o" --specs=nano.specs -mfpu=fpv5-sp-d16 -mfloat-abi=hard -mthumb -o "Core/Src/stm32f7xx_hal_msp.o"
arm-none-eabi-gcc "../Core/Src/stm32f7xx_hal_timebase_tim.c" -mcpu=cortex-m7 -std=gnu11 -g3 -DDEBUG -DUSE_HAL_DRIVER -DSTM32F746xx -c -I../Core/Inc -I../Drivers/STM32F7xx_HAL_Driver/Inc -I../Drivers/STM32F7xx_HAL_Driver/Inc/Legacy -I../Drivers/CMSIS/Device/ST/STM32F7xx/Include -I../Drivers/CMSIS/Include -I"D:/Quentin_Documents/Cergy/ENSEA/3A/Noyau Temps Reel/TP2-Shell/rtos_td_shell-main/correction/shell" -O0 -ffunction-sections -fdata-sections -Wall -fstack-usage -MMD -MP -MF"Core/Src/stm32f7xx_hal_timebase_tim.d" -MT"Core/Src/stm32f7xx_hal_timebase_tim.o" --specs=nano.specs -mfpu=fpv5-sp-d16 -mfloat-abi=hard -mthumb -o "Core/Src/stm32f7xx_hal_timebase_tim.o"
arm-none-eabi-gcc "../Core/Src/stm32f7xx_it.c" -mcpu=cortex-m7 -std=gnu11 -g3 -DDEBUG -DUSE_HAL_DRIVER -DSTM32F746xx -c -I../Core/Inc -I../Drivers/STM32F7xx_HAL_Driver/Inc -I../Drivers/STM32F7xx_HAL_Driver/Inc/Legacy -I../Drivers/CMSIS/Device/ST/STM32F7xx/Include -I../Drivers/CMSIS/Include -I"D:/Quentin_Documents/Cergy/ENSEA/3A/Noyau Temps Reel/TP2-Shell/rtos_td_shell-main/correction/shell" -O0 -ffunction-sections -fdata-sections -Wall -fstack-usage -MMD -MP -MF"Core/Src/stm32f7xx_it.d" -MT"Core/Src/stm32f7xx_it.o" --specs=nano.specs -mfpu=fpv5-sp-d16 -mfloat-abi=hard -mthumb -o "Core/Src/stm32f7xx_it.o"
arm-none-eabi-gcc "../Core/Src/syscalls.c" -mcpu=cortex-m7 -std=gnu11 -g3 -DDEBUG -DUSE_HAL_DRIVER -DSTM32F746xx -c -I../Core/Inc -I../Drivers/STM32F7xx_HAL_Driver/Inc -I../Drivers/STM32F7xx_HAL_Driver/Inc/Legacy -I../Drivers/CMSIS/Device/ST/STM32F7xx/Include -I../Drivers/CMSIS/Include -I"D:/Quentin_Documents/Cergy/ENSEA/3A/Noyau Temps Reel/TP2-Shell/rtos_td_shell-main/correction/shell" -O0 -ffunction-sections -fdata-sections -Wall -fstack-usage -MMD -MP -MF"Core/Src/syscalls.d" -MT"Core/Src/syscalls.o" --specs=nano.specs -mfpu=fpv5-sp-d16 -mfloat-abi=hard -mthumb -o "Core/Src/syscalls.o"
arm-none-eabi-gcc "../Core/Src/sysmem.c" -mcpu=cortex-m7 -std=gnu11 -g3 -DDEBUG -DUSE_HAL_DRIVER -DSTM32F746xx -c -I../Core/Inc -I../Drivers/STM32F7xx_HAL_Driver/Inc -I../Drivers/STM32F7xx_HAL_Driver/Inc/Legacy -I../Drivers/CMSIS/Device/ST/STM32F7xx/Include -I../Drivers/CMSIS/Include -I"D:/Quentin_Documents/Cergy/ENSEA/3A/Noyau Temps Reel/TP2-Shell/rtos_td_shell-main/correction/shell" -O0 -ffunction-sections -fdata-sections -Wall -fstack-usage -MMD -MP -MF"Core/Src/sysmem.d" -MT"Core/Src/sysmem.o" --specs=nano.specs -mfpu=fpv5-sp-d16 -mfloat-abi=hard -mthumb -o "Core/Src/sysmem.o"
arm-none-eabi-gcc "../Core/Src/system_stm32f7xx.c" -mcpu=cortex-m7 -std=gnu11 -g3 -DDEBUG -DUSE_HAL_DRIVER -DSTM32F746xx -c -I../Core/Inc -I../Drivers/STM32F7xx_HAL_Driver/Inc -I../Drivers/STM32F7xx_HAL_Driver/Inc/Legacy -I../Drivers/CMSIS/Device/ST/STM32F7xx/Include -I../Drivers/CMSIS/Include -I"D:/Quentin_Documents/Cergy/ENSEA/3A/Noyau Temps Reel/TP2-Shell/rtos_td_shell-main/correction/shell" -O0 -ffunction-sections -fdata-sections -Wall -fstack-usage -MMD -MP -MF"Core/Src/system_stm32f7xx.d" -MT"Core/Src/system_stm32f7xx.o" --specs=nano.specs -mfpu=fpv5-sp-d16 -mfloat-abi=hard -mthumb -o "Core/Src/system_stm32f7xx.o"
arm-none-eabi-gcc "../Core/Src/usart.c" -mcpu=cortex-m7 -std=gnu11 -g3 -DDEBUG -DUSE_HAL_DRIVER -DSTM32F746xx -c -I../Core/Inc -I../Drivers/STM32F7xx_HAL_Driver/Inc -I../Drivers/STM32F7xx_HAL_Driver/Inc/Legacy -I../Drivers/CMSIS/Device/ST/STM32F7xx/Include -I../Drivers/CMSIS/Include -I"D:/Quentin_Documents/Cergy/ENSEA/3A/Noyau Temps Reel/TP2-Shell/rtos_td_shell-main/correction/shell" -O0 -ffunction-sections -fdata-sections -Wall -fstack-usage -MMD -MP -MF"Core/Src/usart.d" -MT"Core/Src/usart.o" --specs=nano.specs -mfpu=fpv5-sp-d16 -mfloat-abi=hard -mthumb -o "Core/Src/usart.o"
arm-none-eabi-gcc -o "rtos_td_shell.elf" @"objects.list"   -mcpu=cortex-m7 -T"D:\Quentin_Documents\Cergy\ENSEA\3A\Noyau Temps Reel\TP2-Shell\rtos_td_shell-main\correction\STM32F746NGHX_FLASH.ld" --specs=nosys.specs -Wl,-Map="rtos_td_shell.map" -Wl,--gc-sections -static --specs=nano.specs -mfpu=fpv5-sp-d16 -mfloat-abi=hard -mthumb -Wl,--start-group -lc -lm -Wl,--end-group
Finished building target: rtos_td_shell.elf
 
arm-none-eabi-size   rtos_td_shell.elf 
arm-none-eabi-objdump -h -S  rtos_td_shell.elf  > "rtos_td_shell.list"
   text	   data	    bss	    dec	    hex	filename
  17112	    120	   2656	  19888	   4db0	rtos_td_shell.elf
Finished building: default.size.stdout
 
Finished building: rtos_td_shell.list
 
14:07:17 **** Clean-only build of configuration Debug for project rtos_td_shell ****
make -j8 clean 
rm -rf ./shell/drv_uart1.d ./shell/drv_uart1.o ./shell/drv_uart1.su ./shell/shell.d ./shell/shell.o ./shell/shell.su
rm -rf ./Drivers/STM32F7xx_HAL_Driver/Src/stm32f7xx_hal.d ./Drivers/STM32F7xx_HAL_Driver/Src/stm32f7xx_hal.o ./Drivers/STM32F7xx_HAL_Driver/Src/stm32f7xx_hal.su ./Drivers/STM32F7xx_HAL_Driver/Src/stm32f7xx_hal_cortex.d ./Drivers/STM32F7xx_HAL_Driver/Src/stm32f7xx_hal_cortex.o ./Drivers/STM32F7xx_HAL_Driver/Src/stm32f7xx_hal_cortex.su ./Drivers/STM32F7xx_HAL_Driver/Src/stm32f7xx_hal_dma.d ./Drivers/STM32F7xx_HAL_Driver/Src/stm32f7xx_hal_dma.o ./Drivers/STM32F7xx_HAL_Driver/Src/stm32f7xx_hal_dma.su ./Drivers/STM32F7xx_HAL_Driver/Src/stm32f7xx_hal_dma_ex.d ./Drivers/STM32F7xx_HAL_Driver/Src/stm32f7xx_hal_dma_ex.o ./Drivers/STM32F7xx_HAL_Driver/Src/stm32f7xx_hal_dma_ex.su ./Drivers/STM32F7xx_HAL_Driver/Src/stm32f7xx_hal_exti.d ./Drivers/STM32F7xx_HAL_Driver/Src/stm32f7xx_hal_exti.o ./Drivers/STM32F7xx_HAL_Driver/Src/stm32f7xx_hal_exti.su ./Drivers/STM32F7xx_HAL_Driver/Src/stm32f7xx_hal_flash.d ./Drivers/STM32F7xx_HAL_Driver/Src/stm32f7xx_hal_flash.o ./Drivers/STM32F7xx_HAL_Driver/Src/stm32f7xx_hal_flash.su ./Drivers/STM32F7xx_HAL_Driver/Src/stm32f7xx_hal_flash_ex.d ./Drivers/STM32F7xx_HAL_Driver/Src/stm32f7xx_hal_flash_ex.o ./Drivers/STM32F7xx_HAL_Driver/Src/stm32f7xx_hal_flash_ex.su ./Drivers/STM32F7xx_HAL_Driver/Src/stm32f7xx_hal_gpio.d ./Drivers/STM32F7xx_HAL_Driver/Src/stm32f7xx_hal_gpio.o ./Drivers/STM32F7xx_HAL_Driver/Src/stm32f7xx_hal_gpio.su ./Drivers/STM32F7xx_HAL_Driver/Src/stm32f7xx_hal_i2c.d ./Drivers/STM32F7xx_HAL_Driver/Src/stm32f7xx_hal_i2c.o ./Drivers/STM32F7xx_HAL_Driver/Src/stm32f7xx_hal_i2c.su ./Drivers/STM32F7xx_HAL_Driver/Src/stm32f7xx_hal_i2c_ex.d ./Drivers/STM32F7xx_HAL_Driver/Src/stm32f7xx_hal_i2c_ex.o ./Drivers/STM32F7xx_HAL_Driver/Src/stm32f7xx_hal_i2c_ex.su ./Drivers/STM32F7xx_HAL_Driver/Src/stm32f7xx_hal_pwr.d ./Drivers/STM32F7xx_HAL_Driver/Src/stm32f7xx_hal_pwr.o ./Drivers/STM32F7xx_HAL_Driver/Src/stm32f7xx_hal_pwr.su ./Drivers/STM32F7xx_HAL_Driver/Src/stm32f7xx_hal_pwr_ex.d ./Drivers/STM32F7xx_HAL_Driver/Src/stm32f7xx_hal_pwr_ex.o ./Drivers/STM32F7xx_HAL_Driver/Src/stm32f7xx_hal_pwr_ex.su ./Drivers/STM32F7xx_HAL_Driver/Src/stm32f7xx_hal_rcc.d ./Drivers/STM32F7xx_HAL_Driver/Src/stm32f7xx_hal_rcc.o ./Drivers/STM32F7xx_HAL_Driver/Src/stm32f7xx_hal_rcc.su ./Drivers/STM32F7xx_HAL_Driver/Src/stm32f7xx_hal_rcc_ex.d ./Drivers/STM32F7xx_HAL_Driver/Src/stm32f7xx_hal_rcc_ex.o ./Drivers/STM32F7xx_HAL_Driver/Src/stm32f7xx_hal_rcc_ex.su ./Drivers/STM32F7xx_HAL_Driver/Src/stm32f7xx_hal_tim.d ./Drivers/STM32F7xx_HAL_Driver/Src/stm32f7xx_hal_tim.o ./Drivers/STM32F7xx_HAL_Driver/Src/stm32f7xx_hal_tim.su ./Drivers/STM32F7xx_HAL_Driver/Src/stm32f7xx_hal_tim_ex.d ./Drivers/STM32F7xx_HAL_Driver/Src/stm32f7xx_hal_tim_ex.o ./Drivers/STM32F7xx_HAL_Driver/Src/stm32f7xx_hal_tim_ex.su ./Drivers/STM32F7xx_HAL_Driver/Src/stm32f7xx_hal_uart.d ./Drivers/STM32F7xx_HAL_Driver/Src/stm32f7xx_hal_uart.o ./Drivers/STM32F7xx_HAL_Driver/Src/stm32f7xx_hal_uart.su ./Drivers/STM32F7xx_HAL_Driver/Src/stm32f7xx_hal_uart_ex.d ./Drivers/STM32F7xx_HAL_Driver/Src/stm32f7xx_hal_uart_ex.o ./Drivers/STM32F7xx_HAL_Driver/Src/stm32f7xx_hal_uart_ex.su
rm -rf ./Core/Startup/startup_stm32f746nghx.d ./Core/Startup/startup_stm32f746nghx.o
rm -rf ./Core/Src/gpio.d ./Core/Src/gpio.o ./Core/Src/gpio.su ./Core/Src/main.d ./Core/Src/main.o ./Core/Src/main.su ./Core/Src/stm32f7xx_hal_msp.d ./Core/Src/stm32f7xx_hal_msp.o ./Core/Src/stm32f7xx_hal_msp.su ./Core/Src/stm32f7xx_hal_timebase_tim.d ./Core/Src/stm32f7xx_hal_timebase_tim.o ./Core/Src/stm32f7xx_hal_timebase_tim.su ./Core/Src/stm32f7xx_it.d ./Core/Src/stm32f7xx_it.o ./Core/Src/stm32f7xx_it.su ./Core/Src/syscalls.d ./Core/Src/syscalls.o ./Core/Src/syscalls.su ./Core/Src/sysmem.d ./Core/Src/sysmem.o ./Core/Src/sysmem.su ./Core/Src/system_stm32f7xx.d ./Core/Src/system_stm32f7xx.o ./Core/Src/system_stm32f7xx.su ./Core/Src/usart.d ./Core/Src/usart.o ./Core/Src/usart.su
rm -rf default.size.stdout rtos_td_shell.elf rtos_td_shell.list rtos_td_shell.map
 
14:07:18 **** Incremental Build of configuration Debug for project rtos_td_shell ****
make -j8 all 
arm-none-eabi-gcc "../shell/drv_uart1.c" -mcpu=cortex-m7 -std=gnu11 -g3 -DDEBUG -DUSE_HAL_DRIVER -DSTM32F746xx -c -I../Core/Inc -I../Drivers/STM32F7xx_HAL_Driver/Inc -I../Drivers/STM32F7xx_HAL_Driver/Inc/Legacy -I../Drivers/CMSIS/Device/ST/STM32F7xx/Include -I../Drivers/CMSIS/Include -I"D:/Quentin_Documents/Cergy/ENSEA/3A/Noyau Temps Reel/TP2-Shell/rtos_td_shell-main/correction/shell" -O0 -ffunction-sections -fdata-sections -Wall -fstack-usage -MMD -MP -MF"shell/drv_uart1.d" -MT"shell/drv_uart1.o" --specs=nano.specs -mfpu=fpv5-sp-d16 -mfloat-abi=hard -mthumb -o "shell/drv_uart1.o"
arm-none-eabi-gcc "../shell/shell.c" -mcpu=cortex-m7 -std=gnu11 -g3 -DDEBUG -DUSE_HAL_DRIVER -DSTM32F746xx -c -I../Core/Inc -I../Drivers/STM32F7xx_HAL_Driver/Inc -I../Drivers/STM32F7xx_HAL_Driver/Inc/Legacy -I../Drivers/CMSIS/Device/ST/STM32F7xx/Include -I../Drivers/CMSIS/Include -I"D:/Quentin_Documents/Cergy/ENSEA/3A/Noyau Temps Reel/TP2-Shell/rtos_td_shell-main/correction/shell" -O0 -ffunction-sections -fdata-sections -Wall -fstack-usage -MMD -MP -MF"shell/shell.d" -MT"shell/shell.o" --specs=nano.specs -mfpu=fpv5-sp-d16 -mfloat-abi=hard -mthumb -o "shell/shell.o"
arm-none-eabi-gcc "../Drivers/STM32F7xx_HAL_Driver/Src/stm32f7xx_hal.c" -mcpu=cortex-m7 -std=gnu11 -g3 -DDEBUG -DUSE_HAL_DRIVER -DSTM32F746xx -c -I../Core/Inc -I../Drivers/STM32F7xx_HAL_Driver/Inc -I../Drivers/STM32F7xx_HAL_Driver/Inc/Legacy -I../Drivers/CMSIS/Device/ST/STM32F7xx/Include -I../Drivers/CMSIS/Include -I"D:/Quentin_Documents/Cergy/ENSEA/3A/Noyau Temps Reel/TP2-Shell/rtos_td_shell-main/correction/shell" -O0 -ffunction-sections -fdata-sections -Wall -fstack-usage -MMD -MP -MF"Drivers/STM32F7xx_HAL_Driver/Src/stm32f7xx_hal.d" -MT"Drivers/STM32F7xx_HAL_Driver/Src/stm32f7xx_hal.o" --specs=nano.specs -mfpu=fpv5-sp-d16 -mfloat-abi=hard -mthumb -o "Drivers/STM32F7xx_HAL_Driver/Src/stm32f7xx_hal.o"
arm-none-eabi-gcc "../Drivers/STM32F7xx_HAL_Driver/Src/stm32f7xx_hal_cortex.c" -mcpu=cortex-m7 -std=gnu11 -g3 -DDEBUG -DUSE_HAL_DRIVER -DSTM32F746xx -c -I../Core/Inc -I../Drivers/STM32F7xx_HAL_Driver/Inc -I../Drivers/STM32F7xx_HAL_Driver/Inc/Legacy -I../Drivers/CMSIS/Device/ST/STM32F7xx/Include -I../Drivers/CMSIS/Include -I"D:/Quentin_Documents/Cergy/ENSEA/3A/Noyau Temps Reel/TP2-Shell/rtos_td_shell-main/correction/shell" -O0 -ffunction-sections -fdata-sections -Wall -fstack-usage -MMD -MP -MF"Drivers/STM32F7xx_HAL_Driver/Src/stm32f7xx_hal_cortex.d" -MT"Drivers/STM32F7xx_HAL_Driver/Src/stm32f7xx_hal_cortex.o" --specs=nano.specs -mfpu=fpv5-sp-d16 -mfloat-abi=hard -mthumb -o "Drivers/STM32F7xx_HAL_Driver/Src/stm32f7xx_hal_cortex.o"
arm-none-eabi-gcc "../Drivers/STM32F7xx_HAL_Driver/Src/stm32f7xx_hal_dma.c" -mcpu=cortex-m7 -std=gnu11 -g3 -DDEBUG -DUSE_HAL_DRIVER -DSTM32F746xx -c -I../Core/Inc -I../Drivers/STM32F7xx_HAL_Driver/Inc -I../Drivers/STM32F7xx_HAL_Driver/Inc/Legacy -I../Drivers/CMSIS/Device/ST/STM32F7xx/Include -I../Drivers/CMSIS/Include -I"D:/Quentin_Documents/Cergy/ENSEA/3A/Noyau Temps Reel/TP2-Shell/rtos_td_shell-main/correction/shell" -O0 -ffunction-sections -fdata-sections -Wall -fstack-usage -MMD -MP -MF"Drivers/STM32F7xx_HAL_Driver/Src/stm32f7xx_hal_dma.d" -MT"Drivers/STM32F7xx_HAL_Driver/Src/stm32f7xx_hal_dma.o" --specs=nano.specs -mfpu=fpv5-sp-d16 -mfloat-abi=hard -mthumb -o "Drivers/STM32F7xx_HAL_Driver/Src/stm32f7xx_hal_dma.o"
arm-none-eabi-gcc "../Drivers/STM32F7xx_HAL_Driver/Src/stm32f7xx_hal_dma_ex.c" -mcpu=cortex-m7 -std=gnu11 -g3 -DDEBUG -DUSE_HAL_DRIVER -DSTM32F746xx -c -I../Core/Inc -I../Drivers/STM32F7xx_HAL_Driver/Inc -I../Drivers/STM32F7xx_HAL_Driver/Inc/Legacy -I../Drivers/CMSIS/Device/ST/STM32F7xx/Include -I../Drivers/CMSIS/Include -I"D:/Quentin_Documents/Cergy/ENSEA/3A/Noyau Temps Reel/TP2-Shell/rtos_td_shell-main/correction/shell" -O0 -ffunction-sections -fdata-sections -Wall -fstack-usage -MMD -MP -MF"Drivers/STM32F7xx_HAL_Driver/Src/stm32f7xx_hal_dma_ex.d" -MT"Drivers/STM32F7xx_HAL_Driver/Src/stm32f7xx_hal_dma_ex.o" --specs=nano.specs -mfpu=fpv5-sp-d16 -mfloat-abi=hard -mthumb -o "Drivers/STM32F7xx_HAL_Driver/Src/stm32f7xx_hal_dma_ex.o"
arm-none-eabi-gcc "../Drivers/STM32F7xx_HAL_Driver/Src/stm32f7xx_hal_exti.c" -mcpu=cortex-m7 -std=gnu11 -g3 -DDEBUG -DUSE_HAL_DRIVER -DSTM32F746xx -c -I../Core/Inc -I../Drivers/STM32F7xx_HAL_Driver/Inc -I../Drivers/STM32F7xx_HAL_Driver/Inc/Legacy -I../Drivers/CMSIS/Device/ST/STM32F7xx/Include -I../Drivers/CMSIS/Include -I"D:/Quentin_Documents/Cergy/ENSEA/3A/Noyau Temps Reel/TP2-Shell/rtos_td_shell-main/correction/shell" -O0 -ffunction-sections -fdata-sections -Wall -fstack-usage -MMD -MP -MF"Drivers/STM32F7xx_HAL_Driver/Src/stm32f7xx_hal_exti.d" -MT"Drivers/STM32F7xx_HAL_Driver/Src/stm32f7xx_hal_exti.o" --specs=nano.specs -mfpu=fpv5-sp-d16 -mfloat-abi=hard -mthumb -o "Drivers/STM32F7xx_HAL_Driver/Src/stm32f7xx_hal_exti.o"
arm-none-eabi-gcc "../Drivers/STM32F7xx_HAL_Driver/Src/stm32f7xx_hal_flash.c" -mcpu=cortex-m7 -std=gnu11 -g3 -DDEBUG -DUSE_HAL_DRIVER -DSTM32F746xx -c -I../Core/Inc -I../Drivers/STM32F7xx_HAL_Driver/Inc -I../Drivers/STM32F7xx_HAL_Driver/Inc/Legacy -I../Drivers/CMSIS/Device/ST/STM32F7xx/Include -I../Drivers/CMSIS/Include -I"D:/Quentin_Documents/Cergy/ENSEA/3A/Noyau Temps Reel/TP2-Shell/rtos_td_shell-main/correction/shell" -O0 -ffunction-sections -fdata-sections -Wall -fstack-usage -MMD -MP -MF"Drivers/STM32F7xx_HAL_Driver/Src/stm32f7xx_hal_flash.d" -MT"Drivers/STM32F7xx_HAL_Driver/Src/stm32f7xx_hal_flash.o" --specs=nano.specs -mfpu=fpv5-sp-d16 -mfloat-abi=hard -mthumb -o "Drivers/STM32F7xx_HAL_Driver/Src/stm32f7xx_hal_flash.o"
arm-none-eabi-gcc "../Drivers/STM32F7xx_HAL_Driver/Src/stm32f7xx_hal_flash_ex.c" -mcpu=cortex-m7 -std=gnu11 -g3 -DDEBUG -DUSE_HAL_DRIVER -DSTM32F746xx -c -I../Core/Inc -I../Drivers/STM32F7xx_HAL_Driver/Inc -I../Drivers/STM32F7xx_HAL_Driver/Inc/Legacy -I../Drivers/CMSIS/Device/ST/STM32F7xx/Include -I../Drivers/CMSIS/Include -I"D:/Quentin_Documents/Cergy/ENSEA/3A/Noyau Temps Reel/TP2-Shell/rtos_td_shell-main/correction/shell" -O0 -ffunction-sections -fdata-sections -Wall -fstack-usage -MMD -MP -MF"Drivers/STM32F7xx_HAL_Driver/Src/stm32f7xx_hal_flash_ex.d" -MT"Drivers/STM32F7xx_HAL_Driver/Src/stm32f7xx_hal_flash_ex.o" --specs=nano.specs -mfpu=fpv5-sp-d16 -mfloat-abi=hard -mthumb -o "Drivers/STM32F7xx_HAL_Driver/Src/stm32f7xx_hal_flash_ex.o"
arm-none-eabi-gcc "../Drivers/STM32F7xx_HAL_Driver/Src/stm32f7xx_hal_gpio.c" -mcpu=cortex-m7 -std=gnu11 -g3 -DDEBUG -DUSE_HAL_DRIVER -DSTM32F746xx -c -I../Core/Inc -I../Drivers/STM32F7xx_HAL_Driver/Inc -I../Drivers/STM32F7xx_HAL_Driver/Inc/Legacy -I../Drivers/CMSIS/Device/ST/STM32F7xx/Include -I../Drivers/CMSIS/Include -I"D:/Quentin_Documents/Cergy/ENSEA/3A/Noyau Temps Reel/TP2-Shell/rtos_td_shell-main/correction/shell" -O0 -ffunction-sections -fdata-sections -Wall -fstack-usage -MMD -MP -MF"Drivers/STM32F7xx_HAL_Driver/Src/stm32f7xx_hal_gpio.d" -MT"Drivers/STM32F7xx_HAL_Driver/Src/stm32f7xx_hal_gpio.o" --specs=nano.specs -mfpu=fpv5-sp-d16 -mfloat-abi=hard -mthumb -o "Drivers/STM32F7xx_HAL_Driver/Src/stm32f7xx_hal_gpio.o"
arm-none-eabi-gcc "../Drivers/STM32F7xx_HAL_Driver/Src/stm32f7xx_hal_i2c.c" -mcpu=cortex-m7 -std=gnu11 -g3 -DDEBUG -DUSE_HAL_DRIVER -DSTM32F746xx -c -I../Core/Inc -I../Drivers/STM32F7xx_HAL_Driver/Inc -I../Drivers/STM32F7xx_HAL_Driver/Inc/Legacy -I../Drivers/CMSIS/Device/ST/STM32F7xx/Include -I../Drivers/CMSIS/Include -I"D:/Quentin_Documents/Cergy/ENSEA/3A/Noyau Temps Reel/TP2-Shell/rtos_td_shell-main/correction/shell" -O0 -ffunction-sections -fdata-sections -Wall -fstack-usage -MMD -MP -MF"Drivers/STM32F7xx_HAL_Driver/Src/stm32f7xx_hal_i2c.d" -MT"Drivers/STM32F7xx_HAL_Driver/Src/stm32f7xx_hal_i2c.o" --specs=nano.specs -mfpu=fpv5-sp-d16 -mfloat-abi=hard -mthumb -o "Drivers/STM32F7xx_HAL_Driver/Src/stm32f7xx_hal_i2c.o"
arm-none-eabi-gcc "../Drivers/STM32F7xx_HAL_Driver/Src/stm32f7xx_hal_i2c_ex.c" -mcpu=cortex-m7 -std=gnu11 -g3 -DDEBUG -DUSE_HAL_DRIVER -DSTM32F746xx -c -I../Core/Inc -I../Drivers/STM32F7xx_HAL_Driver/Inc -I../Drivers/STM32F7xx_HAL_Driver/Inc/Legacy -I../Drivers/CMSIS/Device/ST/STM32F7xx/Include -I../Drivers/CMSIS/Include -I"D:/Quentin_Documents/Cergy/ENSEA/3A/Noyau Temps Reel/TP2-Shell/rtos_td_shell-main/correction/shell" -O0 -ffunction-sections -fdata-sections -Wall -fstack-usage -MMD -MP -MF"Drivers/STM32F7xx_HAL_Driver/Src/stm32f7xx_hal_i2c_ex.d" -MT"Drivers/STM32F7xx_HAL_Driver/Src/stm32f7xx_hal_i2c_ex.o" --specs=nano.specs -mfpu=fpv5-sp-d16 -mfloat-abi=hard -mthumb -o "Drivers/STM32F7xx_HAL_Driver/Src/stm32f7xx_hal_i2c_ex.o"
arm-none-eabi-gcc "../Drivers/STM32F7xx_HAL_Driver/Src/stm32f7xx_hal_pwr.c" -mcpu=cortex-m7 -std=gnu11 -g3 -DDEBUG -DUSE_HAL_DRIVER -DSTM32F746xx -c -I../Core/Inc -I../Drivers/STM32F7xx_HAL_Driver/Inc -I../Drivers/STM32F7xx_HAL_Driver/Inc/Legacy -I../Drivers/CMSIS/Device/ST/STM32F7xx/Include -I../Drivers/CMSIS/Include -I"D:/Quentin_Documents/Cergy/ENSEA/3A/Noyau Temps Reel/TP2-Shell/rtos_td_shell-main/correction/shell" -O0 -ffunction-sections -fdata-sections -Wall -fstack-usage -MMD -MP -MF"Drivers/STM32F7xx_HAL_Driver/Src/stm32f7xx_hal_pwr.d" -MT"Drivers/STM32F7xx_HAL_Driver/Src/stm32f7xx_hal_pwr.o" --specs=nano.specs -mfpu=fpv5-sp-d16 -mfloat-abi=hard -mthumb -o "Drivers/STM32F7xx_HAL_Driver/Src/stm32f7xx_hal_pwr.o"
arm-none-eabi-gcc "../Drivers/STM32F7xx_HAL_Driver/Src/stm32f7xx_hal_pwr_ex.c" -mcpu=cortex-m7 -std=gnu11 -g3 -DDEBUG -DUSE_HAL_DRIVER -DSTM32F746xx -c -I../Core/Inc -I../Drivers/STM32F7xx_HAL_Driver/Inc -I../Drivers/STM32F7xx_HAL_Driver/Inc/Legacy -I../Drivers/CMSIS/Device/ST/STM32F7xx/Include -I../Drivers/CMSIS/Include -I"D:/Quentin_Documents/Cergy/ENSEA/3A/Noyau Temps Reel/TP2-Shell/rtos_td_shell-main/correction/shell" -O0 -ffunction-sections -fdata-sections -Wall -fstack-usage -MMD -MP -MF"Drivers/STM32F7xx_HAL_Driver/Src/stm32f7xx_hal_pwr_ex.d" -MT"Drivers/STM32F7xx_HAL_Driver/Src/stm32f7xx_hal_pwr_ex.o" --specs=nano.specs -mfpu=fpv5-sp-d16 -mfloat-abi=hard -mthumb -o "Drivers/STM32F7xx_HAL_Driver/Src/stm32f7xx_hal_pwr_ex.o"
arm-none-eabi-gcc "../Drivers/STM32F7xx_HAL_Driver/Src/stm32f7xx_hal_rcc.c" -mcpu=cortex-m7 -std=gnu11 -g3 -DDEBUG -DUSE_HAL_DRIVER -DSTM32F746xx -c -I../Core/Inc -I../Drivers/STM32F7xx_HAL_Driver/Inc -I../Drivers/STM32F7xx_HAL_Driver/Inc/Legacy -I../Drivers/CMSIS/Device/ST/STM32F7xx/Include -I../Drivers/CMSIS/Include -I"D:/Quentin_Documents/Cergy/ENSEA/3A/Noyau Temps Reel/TP2-Shell/rtos_td_shell-main/correction/shell" -O0 -ffunction-sections -fdata-sections -Wall -fstack-usage -MMD -MP -MF"Drivers/STM32F7xx_HAL_Driver/Src/stm32f7xx_hal_rcc.d" -MT"Drivers/STM32F7xx_HAL_Driver/Src/stm32f7xx_hal_rcc.o" --specs=nano.specs -mfpu=fpv5-sp-d16 -mfloat-abi=hard -mthumb -o "Drivers/STM32F7xx_HAL_Driver/Src/stm32f7xx_hal_rcc.o"
arm-none-eabi-gcc "../Drivers/STM32F7xx_HAL_Driver/Src/stm32f7xx_hal_rcc_ex.c" -mcpu=cortex-m7 -std=gnu11 -g3 -DDEBUG -DUSE_HAL_DRIVER -DSTM32F746xx -c -I../Core/Inc -I../Drivers/STM32F7xx_HAL_Driver/Inc -I../Drivers/STM32F7xx_HAL_Driver/Inc/Legacy -I../Drivers/CMSIS/Device/ST/STM32F7xx/Include -I../Drivers/CMSIS/Include -I"D:/Quentin_Documents/Cergy/ENSEA/3A/Noyau Temps Reel/TP2-Shell/rtos_td_shell-main/correction/shell" -O0 -ffunction-sections -fdata-sections -Wall -fstack-usage -MMD -MP -MF"Drivers/STM32F7xx_HAL_Driver/Src/stm32f7xx_hal_rcc_ex.d" -MT"Drivers/STM32F7xx_HAL_Driver/Src/stm32f7xx_hal_rcc_ex.o" --specs=nano.specs -mfpu=fpv5-sp-d16 -mfloat-abi=hard -mthumb -o "Drivers/STM32F7xx_HAL_Driver/Src/stm32f7xx_hal_rcc_ex.o"
arm-none-eabi-gcc "../Drivers/STM32F7xx_HAL_Driver/Src/stm32f7xx_hal_tim.c" -mcpu=cortex-m7 -std=gnu11 -g3 -DDEBUG -DUSE_HAL_DRIVER -DSTM32F746xx -c -I../Core/Inc -I../Drivers/STM32F7xx_HAL_Driver/Inc -I../Drivers/STM32F7xx_HAL_Driver/Inc/Legacy -I../Drivers/CMSIS/Device/ST/STM32F7xx/Include -I../Drivers/CMSIS/Include -I"D:/Quentin_Documents/Cergy/ENSEA/3A/Noyau Temps Reel/TP2-Shell/rtos_td_shell-main/correction/shell" -O0 -ffunction-sections -fdata-sections -Wall -fstack-usage -MMD -MP -MF"Drivers/STM32F7xx_HAL_Driver/Src/stm32f7xx_hal_tim.d" -MT"Drivers/STM32F7xx_HAL_Driver/Src/stm32f7xx_hal_tim.o" --specs=nano.specs -mfpu=fpv5-sp-d16 -mfloat-abi=hard -mthumb -o "Drivers/STM32F7xx_HAL_Driver/Src/stm32f7xx_hal_tim.o"
arm-none-eabi-gcc "../Drivers/STM32F7xx_HAL_Driver/Src/stm32f7xx_hal_tim_ex.c" -mcpu=cortex-m7 -std=gnu11 -g3 -DDEBUG -DUSE_HAL_DRIVER -DSTM32F746xx -c -I../Core/Inc -I../Drivers/STM32F7xx_HAL_Driver/Inc -I../Drivers/STM32F7xx_HAL_Driver/Inc/Legacy -I../Drivers/CMSIS/Device/ST/STM32F7xx/Include -I../Drivers/CMSIS/Include -I"D:/Quentin_Documents/Cergy/ENSEA/3A/Noyau Temps Reel/TP2-Shell/rtos_td_shell-main/correction/shell" -O0 -ffunction-sections -fdata-sections -Wall -fstack-usage -MMD -MP -MF"Drivers/STM32F7xx_HAL_Driver/Src/stm32f7xx_hal_tim_ex.d" -MT"Drivers/STM32F7xx_HAL_Driver/Src/stm32f7xx_hal_tim_ex.o" --specs=nano.specs -mfpu=fpv5-sp-d16 -mfloat-abi=hard -mthumb -o "Drivers/STM32F7xx_HAL_Driver/Src/stm32f7xx_hal_tim_ex.o"
arm-none-eabi-gcc "../Drivers/STM32F7xx_HAL_Driver/Src/stm32f7xx_hal_uart.c" -mcpu=cortex-m7 -std=gnu11 -g3 -DDEBUG -DUSE_HAL_DRIVER -DSTM32F746xx -c -I../Core/Inc -I../Drivers/STM32F7xx_HAL_Driver/Inc -I../Drivers/STM32F7xx_HAL_Driver/Inc/Legacy -I../Drivers/CMSIS/Device/ST/STM32F7xx/Include -I../Drivers/CMSIS/Include -I"D:/Quentin_Documents/Cergy/ENSEA/3A/Noyau Temps Reel/TP2-Shell/rtos_td_shell-main/correction/shell" -O0 -ffunction-sections -fdata-sections -Wall -fstack-usage -MMD -MP -MF"Drivers/STM32F7xx_HAL_Driver/Src/stm32f7xx_hal_uart.d" -MT"Drivers/STM32F7xx_HAL_Driver/Src/stm32f7xx_hal_uart.o" --specs=nano.specs -mfpu=fpv5-sp-d16 -mfloat-abi=hard -mthumb -o "Drivers/STM32F7xx_HAL_Driver/Src/stm32f7xx_hal_uart.o"
arm-none-eabi-gcc "../Drivers/STM32F7xx_HAL_Driver/Src/stm32f7xx_hal_uart_ex.c" -mcpu=cortex-m7 -std=gnu11 -g3 -DDEBUG -DUSE_HAL_DRIVER -DSTM32F746xx -c -I../Core/Inc -I../Drivers/STM32F7xx_HAL_Driver/Inc -I../Drivers/STM32F7xx_HAL_Driver/Inc/Legacy -I../Drivers/CMSIS/Device/ST/STM32F7xx/Include -I../Drivers/CMSIS/Include -I"D:/Quentin_Documents/Cergy/ENSEA/3A/Noyau Temps Reel/TP2-Shell/rtos_td_shell-main/correction/shell" -O0 -ffunction-sections -fdata-sections -Wall -fstack-usage -MMD -MP -MF"Drivers/STM32F7xx_HAL_Driver/Src/stm32f7xx_hal_uart_ex.d" -MT"Drivers/STM32F7xx_HAL_Driver/Src/stm32f7xx_hal_uart_ex.o" --specs=nano.specs -mfpu=fpv5-sp-d16 -mfloat-abi=hard -mthumb -o "Drivers/STM32F7xx_HAL_Driver/Src/stm32f7xx_hal_uart_ex.o"
arm-none-eabi-gcc -mcpu=cortex-m7 -g3 -DDEBUG -c -I"D:/Quentin_Documents/Cergy/ENSEA/3A/Noyau Temps Reel/TP2-Shell/rtos_td_shell-main/correction/shell" -x assembler-with-cpp -MMD -MP -MF"Core/Startup/startup_stm32f746nghx.d" -MT"Core/Startup/startup_stm32f746nghx.o" --specs=nano.specs -mfpu=fpv5-sp-d16 -mfloat-abi=hard -mthumb -o "Core/Startup/startup_stm32f746nghx.o" "../Core/Startup/startup_stm32f746nghx.s"
arm-none-eabi-gcc "../Core/Src/gpio.c" -mcpu=cortex-m7 -std=gnu11 -g3 -DDEBUG -DUSE_HAL_DRIVER -DSTM32F746xx -c -I../Core/Inc -I../Drivers/STM32F7xx_HAL_Driver/Inc -I../Drivers/STM32F7xx_HAL_Driver/Inc/Legacy -I../Drivers/CMSIS/Device/ST/STM32F7xx/Include -I../Drivers/CMSIS/Include -I"D:/Quentin_Documents/Cergy/ENSEA/3A/Noyau Temps Reel/TP2-Shell/rtos_td_shell-main/correction/shell" -O0 -ffunction-sections -fdata-sections -Wall -fstack-usage -MMD -MP -MF"Core/Src/gpio.d" -MT"Core/Src/gpio.o" --specs=nano.specs -mfpu=fpv5-sp-d16 -mfloat-abi=hard -mthumb -o "Core/Src/gpio.o"
arm-none-eabi-gcc "../Core/Src/main.c" -mcpu=cortex-m7 -std=gnu11 -g3 -DDEBUG -DUSE_HAL_DRIVER -DSTM32F746xx -c -I../Core/Inc -I../Drivers/STM32F7xx_HAL_Driver/Inc -I../Drivers/STM32F7xx_HAL_Driver/Inc/Legacy -I../Drivers/CMSIS/Device/ST/STM32F7xx/Include -I../Drivers/CMSIS/Include -I"D:/Quentin_Documents/Cergy/ENSEA/3A/Noyau Temps Reel/TP2-Shell/rtos_td_shell-main/correction/shell" -O0 -ffunction-sections -fdata-sections -Wall -fstack-usage -MMD -MP -MF"Core/Src/main.d" -MT"Core/Src/main.o" --specs=nano.specs -mfpu=fpv5-sp-d16 -mfloat-abi=hard -mthumb -o "Core/Src/main.o"
arm-none-eabi-gcc "../Core/Src/stm32f7xx_hal_msp.c" -mcpu=cortex-m7 -std=gnu11 -g3 -DDEBUG -DUSE_HAL_DRIVER -DSTM32F746xx -c -I../Core/Inc -I../Drivers/STM32F7xx_HAL_Driver/Inc -I../Drivers/STM32F7xx_HAL_Driver/Inc/Legacy -I../Drivers/CMSIS/Device/ST/STM32F7xx/Include -I../Drivers/CMSIS/Include -I"D:/Quentin_Documents/Cergy/ENSEA/3A/Noyau Temps Reel/TP2-Shell/rtos_td_shell-main/correction/shell" -O0 -ffunction-sections -fdata-sections -Wall -fstack-usage -MMD -MP -MF"Core/Src/stm32f7xx_hal_msp.d" -MT"Core/Src/stm32f7xx_hal_msp.o" --specs=nano.specs -mfpu=fpv5-sp-d16 -mfloat-abi=hard -mthumb -o "Core/Src/stm32f7xx_hal_msp.o"
arm-none-eabi-gcc "../Core/Src/stm32f7xx_hal_timebase_tim.c" -mcpu=cortex-m7 -std=gnu11 -g3 -DDEBUG -DUSE_HAL_DRIVER -DSTM32F746xx -c -I../Core/Inc -I../Drivers/STM32F7xx_HAL_Driver/Inc -I../Drivers/STM32F7xx_HAL_Driver/Inc/Legacy -I../Drivers/CMSIS/Device/ST/STM32F7xx/Include -I../Drivers/CMSIS/Include -I"D:/Quentin_Documents/Cergy/ENSEA/3A/Noyau Temps Reel/TP2-Shell/rtos_td_shell-main/correction/shell" -O0 -ffunction-sections -fdata-sections -Wall -fstack-usage -MMD -MP -MF"Core/Src/stm32f7xx_hal_timebase_tim.d" -MT"Core/Src/stm32f7xx_hal_timebase_tim.o" --specs=nano.specs -mfpu=fpv5-sp-d16 -mfloat-abi=hard -mthumb -o "Core/Src/stm32f7xx_hal_timebase_tim.o"
arm-none-eabi-gcc "../Core/Src/stm32f7xx_it.c" -mcpu=cortex-m7 -std=gnu11 -g3 -DDEBUG -DUSE_HAL_DRIVER -DSTM32F746xx -c -I../Core/Inc -I../Drivers/STM32F7xx_HAL_Driver/Inc -I../Drivers/STM32F7xx_HAL_Driver/Inc/Legacy -I../Drivers/CMSIS/Device/ST/STM32F7xx/Include -I../Drivers/CMSIS/Include -I"D:/Quentin_Documents/Cergy/ENSEA/3A/Noyau Temps Reel/TP2-Shell/rtos_td_shell-main/correction/shell" -O0 -ffunction-sections -fdata-sections -Wall -fstack-usage -MMD -MP -MF"Core/Src/stm32f7xx_it.d" -MT"Core/Src/stm32f7xx_it.o" --specs=nano.specs -mfpu=fpv5-sp-d16 -mfloat-abi=hard -mthumb -o "Core/Src/stm32f7xx_it.o"
arm-none-eabi-gcc "../Core/Src/syscalls.c" -mcpu=cortex-m7 -std=gnu11 -g3 -DDEBUG -DUSE_HAL_DRIVER -DSTM32F746xx -c -I../Core/Inc -I../Drivers/STM32F7xx_HAL_Driver/Inc -I../Drivers/STM32F7xx_HAL_Driver/Inc/Legacy -I../Drivers/CMSIS/Device/ST/STM32F7xx/Include -I../Drivers/CMSIS/Include -I"D:/Quentin_Documents/Cergy/ENSEA/3A/Noyau Temps Reel/TP2-Shell/rtos_td_shell-main/correction/shell" -O0 -ffunction-sections -fdata-sections -Wall -fstack-usage -MMD -MP -MF"Core/Src/syscalls.d" -MT"Core/Src/syscalls.o" --specs=nano.specs -mfpu=fpv5-sp-d16 -mfloat-abi=hard -mthumb -o "Core/Src/syscalls.o"
arm-none-eabi-gcc "../Core/Src/sysmem.c" -mcpu=cortex-m7 -std=gnu11 -g3 -DDEBUG -DUSE_HAL_DRIVER -DSTM32F746xx -c -I../Core/Inc -I../Drivers/STM32F7xx_HAL_Driver/Inc -I../Drivers/STM32F7xx_HAL_Driver/Inc/Legacy -I../Drivers/CMSIS/Device/ST/STM32F7xx/Include -I../Drivers/CMSIS/Include -I"D:/Quentin_Documents/Cergy/ENSEA/3A/Noyau Temps Reel/TP2-Shell/rtos_td_shell-main/correction/shell" -O0 -ffunction-sections -fdata-sections -Wall -fstack-usage -MMD -MP -MF"Core/Src/sysmem.d" -MT"Core/Src/sysmem.o" --specs=nano.specs -mfpu=fpv5-sp-d16 -mfloat-abi=hard -mthumb -o "Core/Src/sysmem.o"
arm-none-eabi-gcc "../Core/Src/system_stm32f7xx.c" -mcpu=cortex-m7 -std=gnu11 -g3 -DDEBUG -DUSE_HAL_DRIVER -DSTM32F746xx -c -I../Core/Inc -I../Drivers/STM32F7xx_HAL_Driver/Inc -I../Drivers/STM32F7xx_HAL_Driver/Inc/Legacy -I../Drivers/CMSIS/Device/ST/STM32F7xx/Include -I../Drivers/CMSIS/Include -I"D:/Quentin_Documents/Cergy/ENSEA/3A/Noyau Temps Reel/TP2-Shell/rtos_td_shell-main/correction/shell" -O0 -ffunction-sections -fdata-sections -Wall -fstack-usage -MMD -MP -MF"Core/Src/system_stm32f7xx.d" -MT"Core/Src/system_stm32f7xx.o" --specs=nano.specs -mfpu=fpv5-sp-d16 -mfloat-abi=hard -mthumb -o "Core/Src/system_stm32f7xx.o"
arm-none-eabi-gcc "../Core/Src/usart.c" -mcpu=cortex-m7 -std=gnu11 -g3 -DDEBUG -DUSE_HAL_DRIVER -DSTM32F746xx -c -I../Core/Inc -I../Drivers/STM32F7xx_HAL_Driver/Inc -I../Drivers/STM32F7xx_HAL_Driver/Inc/Legacy -I../Drivers/CMSIS/Device/ST/STM32F7xx/Include -I../Drivers/CMSIS/Include -I"D:/Quentin_Documents/Cergy/ENSEA/3A/Noyau Temps Reel/TP2-Shell/rtos_td_shell-main/correction/shell" -O0 -ffunction-sections -fdata-sections -Wall -fstack-usage -MMD -MP -MF"Core/Src/usart.d" -MT"Core/Src/usart.o" --specs=nano.specs -mfpu=fpv5-sp-d16 -mfloat-abi=hard -mthumb -o "Core/Src/usart.o"
arm-none-eabi-gcc -o "rtos_td_shell.elf" @"objects.list"   -mcpu=cortex-m7 -T"D:\Quentin_Documents\Cergy\ENSEA\3A\Noyau Temps Reel\TP2-Shell\rtos_td_shell-main\correction\STM32F746NGHX_FLASH.ld" --specs=nosys.specs -Wl,-Map="rtos_td_shell.map" -Wl,--gc-sections -static --specs=nano.specs -mfpu=fpv5-sp-d16 -mfloat-abi=hard -mthumb -Wl,--start-group -lc -lm -Wl,--end-group
Finished building target: rtos_td_shell.elf
 
arm-none-eabi-size   rtos_td_shell.elf 
arm-none-eabi-objdump -h -S  rtos_td_shell.elf  > "rtos_td_shell.list"
   text	   data	    bss	    dec	    hex	filename
  17136	    120	   2664	  19920	   4dd0	rtos_td_shell.elf
Finished building: default.size.stdout
 
Finished building: rtos_td_shell.list
 
14:17:00 **** Incremental Build of configuration Debug for project rtos_td_shell ****
make -j8 all 
arm-none-eabi-gcc "../shell/shell.c" -mcpu=cortex-m7 -std=gnu11 -g3 -DDEBUG -DUSE_HAL_DRIVER -DSTM32F746xx -c -I../Core/Inc -I../Drivers/STM32F7xx_HAL_Driver/Inc -I../Drivers/STM32F7xx_HAL_Driver/Inc/Legacy -I../Drivers/CMSIS/Device/ST/STM32F7xx/Include -I../Drivers/CMSIS/Include -I"D:/Quentin_Documents/Cergy/ENSEA/3A/Noyau Temps Reel/TP2-Shell/rtos_td_shell-main/correction/shell" -O0 -ffunction-sections -fdata-sections -Wall -fstack-usage -MMD -MP -MF"shell/shell.d" -MT"shell/shell.o" --specs=nano.specs -mfpu=fpv5-sp-d16 -mfloat-abi=hard -mthumb -o "shell/shell.o"
arm-none-eabi-gcc "../Core/Src/main.c" -mcpu=cortex-m7 -std=gnu11 -g3 -DDEBUG -DUSE_HAL_DRIVER -DSTM32F746xx -c -I../Core/Inc -I../Drivers/STM32F7xx_HAL_Driver/Inc -I../Drivers/STM32F7xx_HAL_Driver/Inc/Legacy -I../Drivers/CMSIS/Device/ST/STM32F7xx/Include -I../Drivers/CMSIS/Include -I"D:/Quentin_Documents/Cergy/ENSEA/3A/Noyau Temps Reel/TP2-Shell/rtos_td_shell-main/correction/shell" -O0 -ffunction-sections -fdata-sections -Wall -fstack-usage -MMD -MP -MF"Core/Src/main.d" -MT"Core/Src/main.o" --specs=nano.specs -mfpu=fpv5-sp-d16 -mfloat-abi=hard -mthumb -o "Core/Src/main.o"
../Core/Src/main.c: In function 'addition':
../Core/Src/main.c:78:31: error: invalid type argument of '->' (have 'h_shell_t' {aka 'struct h_shell_struct'})
   78 |   int size = snprintf (h_shell->print_buffer, BUFFER_SIZE, "Error y a pas le bon nombre d'argument\r\n");
      |                               ^~
../Core/Src/main.c:79:10: error: invalid type argument of '->' (have 'h_shell_t' {aka 'struct h_shell_struct'})
   79 |   h_shell->drv.transmit(h_shell->print_buffer, size);
      |          ^~
../Core/Src/main.c:79:32: error: invalid type argument of '->' (have 'h_shell_t' {aka 'struct h_shell_struct'})
   79 |   h_shell->drv.transmit(h_shell->print_buffer, size);
      |                                ^~
../Core/Src/main.c:84:11: warning: implicit declaration of function 'atoi' [-Wimplicit-function-declaration]
   84 |   int a = atoi(argv[1]);
      |           ^~~~
../Core/Src/main.c:86:31: error: invalid type argument of '->' (have 'h_shell_t' {aka 'struct h_shell_struct'})
   86 |   int size = snprintf (h_shell->print_buffer, BUFFER_SIZE, "%d + %d = %d\r\n\r\n", a, b, a+b);
      |                               ^~
../Core/Src/main.c:87:10: error: invalid type argument of '->' (have 'h_shell_t' {aka 'struct h_shell_struct'})
   87 |   h_shell->drv.transmit(h_shell->print_buffer, size);
      |          ^~
../Core/Src/main.c:87:32: error: invalid type argument of '->' (have 'h_shell_t' {aka 'struct h_shell_struct'})
   87 |   h_shell->drv.transmit(h_shell->print_buffer, size);
      |                                ^~
../Core/Src/main.c: In function 'main':
../Core/Src/main.c:130:27: warning: passing argument 3 of 'shell_add' from incompatible pointer type [-Wincompatible-pointer-types]
  130 |  shell_add(&h_shell, 'a', addition, "addition de deux entiers");
      |                           ^~~~~~~~
      |                           |
      |                           int (*)(int,  char **)
In file included from ../Core/Src/main.c:27:
D:/Quentin_Documents/Cergy/ENSEA/3A/Noyau Temps Reel/TP2-Shell/rtos_td_shell-main/correction/shell/shell.h:48:65: note: expected 'shell_func_pointer_t' {aka 'int (*)(struct h_shell_struct *, int,  char **)'} but argument is of type 'int (*)(int,  char **)'
   48 | int shell_add(h_shell_t * h_shell, char c, shell_func_pointer_t pfunc, char * description);
      |                                            ~~~~~~~~~~~~~~~~~~~~~^~~~~
make: *** [Core/Src/subdir.mk:43: Core/Src/main.o] Error 1
"make -j8 all" terminated with exit code 2. Build might be incomplete.
14:17:49 **** Incremental Build of configuration Debug for project rtos_td_shell ****
make -j8 all 
arm-none-eabi-gcc "../Core/Src/main.c" -mcpu=cortex-m7 -std=gnu11 -g3 -DDEBUG -DUSE_HAL_DRIVER -DSTM32F746xx -c -I../Core/Inc -I../Drivers/STM32F7xx_HAL_Driver/Inc -I../Drivers/STM32F7xx_HAL_Driver/Inc/Legacy -I../Drivers/CMSIS/Device/ST/STM32F7xx/Include -I../Drivers/CMSIS/Include -I"D:/Quentin_Documents/Cergy/ENSEA/3A/Noyau Temps Reel/TP2-Shell/rtos_td_shell-main/correction/shell" -O0 -ffunction-sections -fdata-sections -Wall -fstack-usage -MMD -MP -MF"Core/Src/main.d" -MT"Core/Src/main.o" --specs=nano.specs -mfpu=fpv5-sp-d16 -mfloat-abi=hard -mthumb -o "Core/Src/main.o"
../Core/Src/main.c: In function 'addition':
../Core/Src/main.c:84:11: warning: implicit declaration of function 'atoi' [-Wimplicit-function-declaration]
   84 |   int a = atoi(argv[1]);
      |           ^~~~
../Core/Src/main.c:78:103: warning: 'snprintf' output truncated before the last format character [-Wformat-truncation=]
   78 |   int size = snprintf (h_shell->print_buffer, BUFFER_SIZE, "Error y a pas le bon nombre d'argument\r\n");
      |                                                                                                       ^
../Core/Src/main.c:78:14: note: 'snprintf' output 41 bytes into a destination of size 40
   78 |   int size = snprintf (h_shell->print_buffer, BUFFER_SIZE, "Error y a pas le bon nombre d'argument\r\n");
      |              ^~~~~~~~~~~~~~~~~~~~~~~~~~~~~~~~~~~~~~~~~~~~~~~~~~~~~~~~~~~~~~~~~~~~~~~~~~~~~~~~~~~~~~~~~~~
arm-none-eabi-gcc -o "rtos_td_shell.elf" @"objects.list"   -mcpu=cortex-m7 -T"D:\Quentin_Documents\Cergy\ENSEA\3A\Noyau Temps Reel\TP2-Shell\rtos_td_shell-main\correction\STM32F746NGHX_FLASH.ld" --specs=nosys.specs -Wl,-Map="rtos_td_shell.map" -Wl,--gc-sections -static --specs=nano.specs -mfpu=fpv5-sp-d16 -mfloat-abi=hard -mthumb -Wl,--start-group -lc -lm -Wl,--end-group
Finished building target: rtos_td_shell.elf
 
arm-none-eabi-size   rtos_td_shell.elf 
arm-none-eabi-objdump -h -S  rtos_td_shell.elf  > "rtos_td_shell.list"
   text	   data	    bss	    dec	    hex	filename
  17932	    120	   2664	  20716	   50ec	rtos_td_shell.elf
Finished building: default.size.stdout
 
Finished building: rtos_td_shell.list
 
14:20:12 **** Incremental Build of configuration Debug for project rtos_td_shell ****
make -j8 all 
arm-none-eabi-gcc "../Core/Src/main.c" -mcpu=cortex-m7 -std=gnu11 -g3 -DDEBUG -DUSE_HAL_DRIVER -DSTM32F746xx -c -I../Core/Inc -I../Drivers/STM32F7xx_HAL_Driver/Inc -I../Drivers/STM32F7xx_HAL_Driver/Inc/Legacy -I../Drivers/CMSIS/Device/ST/STM32F7xx/Include -I../Drivers/CMSIS/Include -I"D:/Quentin_Documents/Cergy/ENSEA/3A/Noyau Temps Reel/TP2-Shell/rtos_td_shell-main/correction/shell" -O0 -ffunction-sections -fdata-sections -Wall -fstack-usage -MMD -MP -MF"Core/Src/main.d" -MT"Core/Src/main.o" --specs=nano.specs -mfpu=fpv5-sp-d16 -mfloat-abi=hard -mthumb -o "Core/Src/main.o"
../Core/Src/main.c: In function 'main':
../Core/Src/main.c:132:27: error: 'addition' undeclared (first use in this function)
  132 |  shell_add(&h_shell, 'a', addition, "addition de deux entiers");
      |                           ^~~~~~~~
../Core/Src/main.c:132:27: note: each undeclared identifier is reported only once for each function it appears in
make: *** [Core/Src/subdir.mk:43: Core/Src/main.o] Error 1
"make -j8 all" terminated with exit code 2. Build might be incomplete.
14:20:25 **** Incremental Build of configuration Debug for project rtos_td_shell ****
make -j8 all 
arm-none-eabi-gcc "../Core/Src/main.c" -mcpu=cortex-m7 -std=gnu11 -g3 -DDEBUG -DUSE_HAL_DRIVER -DSTM32F746xx -c -I../Core/Inc -I../Drivers/STM32F7xx_HAL_Driver/Inc -I../Drivers/STM32F7xx_HAL_Driver/Inc/Legacy -I../Drivers/CMSIS/Device/ST/STM32F7xx/Include -I../Drivers/CMSIS/Include -I"D:/Quentin_Documents/Cergy/ENSEA/3A/Noyau Temps Reel/TP2-Shell/rtos_td_shell-main/correction/shell" -O0 -ffunction-sections -fdata-sections -Wall -fstack-usage -MMD -MP -MF"Core/Src/main.d" -MT"Core/Src/main.o" --specs=nano.specs -mfpu=fpv5-sp-d16 -mfloat-abi=hard -mthumb -o "Core/Src/main.o"
arm-none-eabi-gcc -o "rtos_td_shell.elf" @"objects.list"   -mcpu=cortex-m7 -T"D:\Quentin_Documents\Cergy\ENSEA\3A\Noyau Temps Reel\TP2-Shell\rtos_td_shell-main\correction\STM32F746NGHX_FLASH.ld" --specs=nosys.specs -Wl,-Map="rtos_td_shell.map" -Wl,--gc-sections -static --specs=nano.specs -mfpu=fpv5-sp-d16 -mfloat-abi=hard -mthumb -Wl,--start-group -lc -lm -Wl,--end-group
Finished building target: rtos_td_shell.elf
 
arm-none-eabi-size   rtos_td_shell.elf 
arm-none-eabi-objdump -h -S  rtos_td_shell.elf  > "rtos_td_shell.list"
   text	   data	    bss	    dec	    hex	filename
  17116	    120	   2664	  19900	   4dbc	rtos_td_shell.elf
Finished building: default.size.stdout
 
Finished building: rtos_td_shell.list
 
14:24:07 **** Incremental Build of configuration Debug for project rtos_td_shell ****
make -j8 all 
arm-none-eabi-size   rtos_td_shell.elf 
   text	   data	    bss	    dec	    hex	filename
  17116	    120	   2664	  19900	   4dbc	rtos_td_shell.elf
Finished building: default.size.stdout
 
14:24:47 **** Incremental Build of configuration Debug for project rtos_td_shell ****
make -j8 all 
arm-none-eabi-gcc "../Core/Src/main.c" -mcpu=cortex-m7 -std=gnu11 -g3 -DDEBUG -DUSE_HAL_DRIVER -DSTM32F746xx -c -I../Core/Inc -I../Drivers/STM32F7xx_HAL_Driver/Inc -I../Drivers/STM32F7xx_HAL_Driver/Inc/Legacy -I../Drivers/CMSIS/Device/ST/STM32F7xx/Include -I../Drivers/CMSIS/Include -I"D:/Quentin_Documents/Cergy/ENSEA/3A/Noyau Temps Reel/TP2-Shell/rtos_td_shell-main/correction/shell" -O0 -ffunction-sections -fdata-sections -Wall -fstack-usage -MMD -MP -MF"Core/Src/main.d" -MT"Core/Src/main.o" --specs=nano.specs -mfpu=fpv5-sp-d16 -mfloat-abi=hard -mthumb -o "Core/Src/main.o"
../Core/Src/main.c: In function 'addition':
../Core/Src/main.c:85:11: warning: implicit declaration of function 'atoi' [-Wimplicit-function-declaration]
   85 |   int a = atoi(argv[1]);
      |           ^~~~
../Core/Src/main.c:79:103: warning: 'snprintf' output truncated before the last format character [-Wformat-truncation=]
   79 |   int size = snprintf (h_shell->print_buffer, BUFFER_SIZE, "Error y a pas le bon nombre d'argument\r\n");
      |                                                                                                       ^
../Core/Src/main.c:79:14: note: 'snprintf' output 41 bytes into a destination of size 40
   79 |   int size = snprintf (h_shell->print_buffer, BUFFER_SIZE, "Error y a pas le bon nombre d'argument\r\n");
      |              ^~~~~~~~~~~~~~~~~~~~~~~~~~~~~~~~~~~~~~~~~~~~~~~~~~~~~~~~~~~~~~~~~~~~~~~~~~~~~~~~~~~~~~~~~~~
arm-none-eabi-gcc -o "rtos_td_shell.elf" @"objects.list"   -mcpu=cortex-m7 -T"D:\Quentin_Documents\Cergy\ENSEA\3A\Noyau Temps Reel\TP2-Shell\rtos_td_shell-main\correction\STM32F746NGHX_FLASH.ld" --specs=nosys.specs -Wl,-Map="rtos_td_shell.map" -Wl,--gc-sections -static --specs=nano.specs -mfpu=fpv5-sp-d16 -mfloat-abi=hard -mthumb -Wl,--start-group -lc -lm -Wl,--end-group
Finished building target: rtos_td_shell.elf
 
arm-none-eabi-size   rtos_td_shell.elf 
arm-none-eabi-objdump -h -S  rtos_td_shell.elf  > "rtos_td_shell.list"
   text	   data	    bss	    dec	    hex	filename
  17932	    120	   2664	  20716	   50ec	rtos_td_shell.elf
Finished building: default.size.stdout
 
Finished building: rtos_td_shell.list
 
14:26:45 **** Incremental Build of configuration Debug for project rtos_td_shell ****
make -j8 all 
arm-none-eabi-gcc "../shell/shell.c" -mcpu=cortex-m7 -std=gnu11 -g3 -DDEBUG -DUSE_HAL_DRIVER -DSTM32F746xx -c -I../Core/Inc -I../Drivers/STM32F7xx_HAL_Driver/Inc -I../Drivers/STM32F7xx_HAL_Driver/Inc/Legacy -I../Drivers/CMSIS/Device/ST/STM32F7xx/Include -I../Drivers/CMSIS/Include -I"D:/Quentin_Documents/Cergy/ENSEA/3A/Noyau Temps Reel/TP2-Shell/rtos_td_shell-main/correction/shell" -O0 -ffunction-sections -fdata-sections -Wall -fstack-usage -MMD -MP -MF"shell/shell.d" -MT"shell/shell.o" --specs=nano.specs -mfpu=fpv5-sp-d16 -mfloat-abi=hard -mthumb -o "shell/shell.o"
arm-none-eabi-gcc "../Core/Src/main.c" -mcpu=cortex-m7 -std=gnu11 -g3 -DDEBUG -DUSE_HAL_DRIVER -DSTM32F746xx -c -I../Core/Inc -I../Drivers/STM32F7xx_HAL_Driver/Inc -I../Drivers/STM32F7xx_HAL_Driver/Inc/Legacy -I../Drivers/CMSIS/Device/ST/STM32F7xx/Include -I../Drivers/CMSIS/Include -I"D:/Quentin_Documents/Cergy/ENSEA/3A/Noyau Temps Reel/TP2-Shell/rtos_td_shell-main/correction/shell" -O0 -ffunction-sections -fdata-sections -Wall -fstack-usage -MMD -MP -MF"Core/Src/main.d" -MT"Core/Src/main.o" --specs=nano.specs -mfpu=fpv5-sp-d16 -mfloat-abi=hard -mthumb -o "Core/Src/main.o"
../Core/Src/main.c: In function 'addition':
../Core/Src/main.c:85:11: warning: implicit declaration of function 'atoi' [-Wimplicit-function-declaration]
   85 |   int a = atoi(argv[1]);
      |           ^~~~
arm-none-eabi-gcc -o "rtos_td_shell.elf" @"objects.list"   -mcpu=cortex-m7 -T"D:\Quentin_Documents\Cergy\ENSEA\3A\Noyau Temps Reel\TP2-Shell\rtos_td_shell-main\correction\STM32F746NGHX_FLASH.ld" --specs=nosys.specs -Wl,-Map="rtos_td_shell.map" -Wl,--gc-sections -static --specs=nano.specs -mfpu=fpv5-sp-d16 -mfloat-abi=hard -mthumb -Wl,--start-group -lc -lm -Wl,--end-group
Finished building target: rtos_td_shell.elf
 
arm-none-eabi-size   rtos_td_shell.elf 
arm-none-eabi-objdump -h -S  rtos_td_shell.elf  > "rtos_td_shell.list"
   text	   data	    bss	    dec	    hex	filename
  17932	    120	   2832	  20884	   5194	rtos_td_shell.elf
Finished building: default.size.stdout
 
Finished building: rtos_td_shell.list
 
14:26:57 **** Incremental Build of configuration Debug for project rtos_td_shell ****
make -j8 all 
arm-none-eabi-gcc "../shell/shell.c" -mcpu=cortex-m7 -std=gnu11 -g3 -DDEBUG -DUSE_HAL_DRIVER -DSTM32F746xx -c -I../Core/Inc -I../Drivers/STM32F7xx_HAL_Driver/Inc -I../Drivers/STM32F7xx_HAL_Driver/Inc/Legacy -I../Drivers/CMSIS/Device/ST/STM32F7xx/Include -I../Drivers/CMSIS/Include -I"D:/Quentin_Documents/Cergy/ENSEA/3A/Noyau Temps Reel/TP2-Shell/rtos_td_shell-main/correction/shell" -O0 -ffunction-sections -fdata-sections -Wall -fstack-usage -MMD -MP -MF"shell/shell.d" -MT"shell/shell.o" --specs=nano.specs -mfpu=fpv5-sp-d16 -mfloat-abi=hard -mthumb -o "shell/shell.o"
arm-none-eabi-gcc "../Core/Src/main.c" -mcpu=cortex-m7 -std=gnu11 -g3 -DDEBUG -DUSE_HAL_DRIVER -DSTM32F746xx -c -I../Core/Inc -I../Drivers/STM32F7xx_HAL_Driver/Inc -I../Drivers/STM32F7xx_HAL_Driver/Inc/Legacy -I../Drivers/CMSIS/Device/ST/STM32F7xx/Include -I../Drivers/CMSIS/Include -I"D:/Quentin_Documents/Cergy/ENSEA/3A/Noyau Temps Reel/TP2-Shell/rtos_td_shell-main/correction/shell" -O0 -ffunction-sections -fdata-sections -Wall -fstack-usage -MMD -MP -MF"Core/Src/main.d" -MT"Core/Src/main.o" --specs=nano.specs -mfpu=fpv5-sp-d16 -mfloat-abi=hard -mthumb -o "Core/Src/main.o"
../Core/Src/main.c: In function 'addition':
../Core/Src/main.c:85:11: warning: implicit declaration of function 'atoi' [-Wimplicit-function-declaration]
   85 |   int a = atoi(argv[1]);
      |           ^~~~
arm-none-eabi-gcc -o "rtos_td_shell.elf" @"objects.list"   -mcpu=cortex-m7 -T"D:\Quentin_Documents\Cergy\ENSEA\3A\Noyau Temps Reel\TP2-Shell\rtos_td_shell-main\correction\STM32F746NGHX_FLASH.ld" --specs=nosys.specs -Wl,-Map="rtos_td_shell.map" -Wl,--gc-sections -static --specs=nano.specs -mfpu=fpv5-sp-d16 -mfloat-abi=hard -mthumb -Wl,--start-group -lc -lm -Wl,--end-group
Finished building target: rtos_td_shell.elf
 
arm-none-eabi-size   rtos_td_shell.elf 
arm-none-eabi-objdump -h -S  rtos_td_shell.elf  > "rtos_td_shell.list"
   text	   data	    bss	    dec	    hex	filename
  17932	    120	   2840	  20892	   519c	rtos_td_shell.elf
Finished building: default.size.stdout
 
Finished building: rtos_td_shell.list
 
14:33:50 **** Incremental Build of configuration Debug for project rtos_td_shell ****
make -j8 all 
arm-none-eabi-gcc "../Core/Src/main.c" -mcpu=cortex-m7 -std=gnu11 -g3 -DDEBUG -DUSE_HAL_DRIVER -DSTM32F746xx -c -I../Core/Inc -I../Drivers/STM32F7xx_HAL_Driver/Inc -I../Drivers/STM32F7xx_HAL_Driver/Inc/Legacy -I../Drivers/CMSIS/Device/ST/STM32F7xx/Include -I../Drivers/CMSIS/Include -I"D:/Quentin_Documents/Cergy/ENSEA/3A/Noyau Temps Reel/TP2-Shell/rtos_td_shell-main/correction/shell" -O0 -ffunction-sections -fdata-sections -Wall -fstack-usage -MMD -MP -MF"Core/Src/main.d" -MT"Core/Src/main.o" --specs=nano.specs -mfpu=fpv5-sp-d16 -mfloat-abi=hard -mthumb -o "Core/Src/main.o"
arm-none-eabi-gcc "../Core/Inc/fonctions_shell.c" -mcpu=cortex-m7 -std=gnu11 -g3 -DDEBUG -DUSE_HAL_DRIVER -DSTM32F746xx -c -I../Core/Inc -I../Drivers/STM32F7xx_HAL_Driver/Inc -I../Drivers/STM32F7xx_HAL_Driver/Inc/Legacy -I../Drivers/CMSIS/Device/ST/STM32F7xx/Include -I../Drivers/CMSIS/Include -I"D:/Quentin_Documents/Cergy/ENSEA/3A/Noyau Temps Reel/TP2-Shell/rtos_td_shell-main/correction/shell" -O0 -ffunction-sections -fdata-sections -Wall -fstack-usage -MMD -MP -MF"Core/Inc/fonctions_shell.d" -MT"Core/Inc/fonctions_shell.o" --specs=nano.specs -mfpu=fpv5-sp-d16 -mfloat-abi=hard -mthumb -o "Core/Inc/fonctions_shell.o"
../Core/Inc/fonctions_shell.c:1:10: fatal error: fonctions_shell.h: No such file or directory
    1 | #include "fonctions_shell.h"
      |          ^~~~~~~~~~~~~~~~~~~
compilation terminated.
make: *** [Core/Inc/subdir.mk:19: Core/Inc/fonctions_shell.o] Error 1
make: *** Waiting for unfinished jobs....
"make -j8 all" terminated with exit code 2. Build might be incomplete.
14:34:37 **** Incremental Build of configuration Debug for project rtos_td_shell ****
make -j8 all 
arm-none-eabi-gcc "../Core/Inc/fonctions_shell.c" -mcpu=cortex-m7 -std=gnu11 -g3 -DDEBUG -DUSE_HAL_DRIVER -DSTM32F746xx -c -I../Core/Inc -I../Drivers/STM32F7xx_HAL_Driver/Inc -I../Drivers/STM32F7xx_HAL_Driver/Inc/Legacy -I../Drivers/CMSIS/Device/ST/STM32F7xx/Include -I../Drivers/CMSIS/Include -I"D:/Quentin_Documents/Cergy/ENSEA/3A/Noyau Temps Reel/TP2-Shell/rtos_td_shell-main/correction/shell" -O0 -ffunction-sections -fdata-sections -Wall -fstack-usage -MMD -MP -MF"Core/Inc/fonctions_shell.d" -MT"Core/Inc/fonctions_shell.o" --specs=nano.specs -mfpu=fpv5-sp-d16 -mfloat-abi=hard -mthumb -o "Core/Inc/fonctions_shell.o"
../Core/Inc/fonctions_shell.c:1:10: fatal error: fonctions_shell.h: No such file or directory
    1 | #include <fonctions_shell.h>
      |          ^~~~~~~~~~~~~~~~~~~
compilation terminated.
make: *** [Core/Inc/subdir.mk:19: Core/Inc/fonctions_shell.o] Error 1
"make -j8 all" terminated with exit code 2. Build might be incomplete.
14:36:33 **** Incremental Build of configuration Debug for project rtos_td_shell ****
make -j8 all 
arm-none-eabi-gcc "../Core/Src/fonctions_shell.c" -mcpu=cortex-m7 -std=gnu11 -g3 -DDEBUG -DUSE_HAL_DRIVER -DSTM32F746xx -c -I../Core/Inc -I../Drivers/STM32F7xx_HAL_Driver/Inc -I../Drivers/STM32F7xx_HAL_Driver/Inc/Legacy -I../Drivers/CMSIS/Device/ST/STM32F7xx/Include -I../Drivers/CMSIS/Include -I"D:/Quentin_Documents/Cergy/ENSEA/3A/Noyau Temps Reel/TP2-Shell/rtos_td_shell-main/correction/shell" -O0 -ffunction-sections -fdata-sections -Wall -fstack-usage -MMD -MP -MF"Core/Src/fonctions_shell.d" -MT"Core/Src/fonctions_shell.o" --specs=nano.specs -mfpu=fpv5-sp-d16 -mfloat-abi=hard -mthumb -o "Core/Src/fonctions_shell.o"
arm-none-eabi-gcc "../Core/Src/gpio.c" -mcpu=cortex-m7 -std=gnu11 -g3 -DDEBUG -DUSE_HAL_DRIVER -DSTM32F746xx -c -I../Core/Inc -I../Drivers/STM32F7xx_HAL_Driver/Inc -I../Drivers/STM32F7xx_HAL_Driver/Inc/Legacy -I../Drivers/CMSIS/Device/ST/STM32F7xx/Include -I../Drivers/CMSIS/Include -I"D:/Quentin_Documents/Cergy/ENSEA/3A/Noyau Temps Reel/TP2-Shell/rtos_td_shell-main/correction/shell" -O0 -ffunction-sections -fdata-sections -Wall -fstack-usage -MMD -MP -MF"Core/Src/gpio.d" -MT"Core/Src/gpio.o" --specs=nano.specs -mfpu=fpv5-sp-d16 -mfloat-abi=hard -mthumb -o "Core/Src/gpio.o"
arm-none-eabi-gcc "../Core/Src/main.c" -mcpu=cortex-m7 -std=gnu11 -g3 -DDEBUG -DUSE_HAL_DRIVER -DSTM32F746xx -c -I../Core/Inc -I../Drivers/STM32F7xx_HAL_Driver/Inc -I../Drivers/STM32F7xx_HAL_Driver/Inc/Legacy -I../Drivers/CMSIS/Device/ST/STM32F7xx/Include -I../Drivers/CMSIS/Include -I"D:/Quentin_Documents/Cergy/ENSEA/3A/Noyau Temps Reel/TP2-Shell/rtos_td_shell-main/correction/shell" -O0 -ffunction-sections -fdata-sections -Wall -fstack-usage -MMD -MP -MF"Core/Src/main.d" -MT"Core/Src/main.o" --specs=nano.specs -mfpu=fpv5-sp-d16 -mfloat-abi=hard -mthumb -o "Core/Src/main.o"
arm-none-eabi-gcc "../Core/Src/stm32f7xx_hal_msp.c" -mcpu=cortex-m7 -std=gnu11 -g3 -DDEBUG -DUSE_HAL_DRIVER -DSTM32F746xx -c -I../Core/Inc -I../Drivers/STM32F7xx_HAL_Driver/Inc -I../Drivers/STM32F7xx_HAL_Driver/Inc/Legacy -I../Drivers/CMSIS/Device/ST/STM32F7xx/Include -I../Drivers/CMSIS/Include -I"D:/Quentin_Documents/Cergy/ENSEA/3A/Noyau Temps Reel/TP2-Shell/rtos_td_shell-main/correction/shell" -O0 -ffunction-sections -fdata-sections -Wall -fstack-usage -MMD -MP -MF"Core/Src/stm32f7xx_hal_msp.d" -MT"Core/Src/stm32f7xx_hal_msp.o" --specs=nano.specs -mfpu=fpv5-sp-d16 -mfloat-abi=hard -mthumb -o "Core/Src/stm32f7xx_hal_msp.o"
arm-none-eabi-gcc "../Core/Src/stm32f7xx_hal_timebase_tim.c" -mcpu=cortex-m7 -std=gnu11 -g3 -DDEBUG -DUSE_HAL_DRIVER -DSTM32F746xx -c -I../Core/Inc -I../Drivers/STM32F7xx_HAL_Driver/Inc -I../Drivers/STM32F7xx_HAL_Driver/Inc/Legacy -I../Drivers/CMSIS/Device/ST/STM32F7xx/Include -I../Drivers/CMSIS/Include -I"D:/Quentin_Documents/Cergy/ENSEA/3A/Noyau Temps Reel/TP2-Shell/rtos_td_shell-main/correction/shell" -O0 -ffunction-sections -fdata-sections -Wall -fstack-usage -MMD -MP -MF"Core/Src/stm32f7xx_hal_timebase_tim.d" -MT"Core/Src/stm32f7xx_hal_timebase_tim.o" --specs=nano.specs -mfpu=fpv5-sp-d16 -mfloat-abi=hard -mthumb -o "Core/Src/stm32f7xx_hal_timebase_tim.o"
arm-none-eabi-gcc "../Core/Src/stm32f7xx_it.c" -mcpu=cortex-m7 -std=gnu11 -g3 -DDEBUG -DUSE_HAL_DRIVER -DSTM32F746xx -c -I../Core/Inc -I../Drivers/STM32F7xx_HAL_Driver/Inc -I../Drivers/STM32F7xx_HAL_Driver/Inc/Legacy -I../Drivers/CMSIS/Device/ST/STM32F7xx/Include -I../Drivers/CMSIS/Include -I"D:/Quentin_Documents/Cergy/ENSEA/3A/Noyau Temps Reel/TP2-Shell/rtos_td_shell-main/correction/shell" -O0 -ffunction-sections -fdata-sections -Wall -fstack-usage -MMD -MP -MF"Core/Src/stm32f7xx_it.d" -MT"Core/Src/stm32f7xx_it.o" --specs=nano.specs -mfpu=fpv5-sp-d16 -mfloat-abi=hard -mthumb -o "Core/Src/stm32f7xx_it.o"
arm-none-eabi-gcc "../Core/Src/syscalls.c" -mcpu=cortex-m7 -std=gnu11 -g3 -DDEBUG -DUSE_HAL_DRIVER -DSTM32F746xx -c -I../Core/Inc -I../Drivers/STM32F7xx_HAL_Driver/Inc -I../Drivers/STM32F7xx_HAL_Driver/Inc/Legacy -I../Drivers/CMSIS/Device/ST/STM32F7xx/Include -I../Drivers/CMSIS/Include -I"D:/Quentin_Documents/Cergy/ENSEA/3A/Noyau Temps Reel/TP2-Shell/rtos_td_shell-main/correction/shell" -O0 -ffunction-sections -fdata-sections -Wall -fstack-usage -MMD -MP -MF"Core/Src/syscalls.d" -MT"Core/Src/syscalls.o" --specs=nano.specs -mfpu=fpv5-sp-d16 -mfloat-abi=hard -mthumb -o "Core/Src/syscalls.o"
arm-none-eabi-gcc "../Core/Src/sysmem.c" -mcpu=cortex-m7 -std=gnu11 -g3 -DDEBUG -DUSE_HAL_DRIVER -DSTM32F746xx -c -I../Core/Inc -I../Drivers/STM32F7xx_HAL_Driver/Inc -I../Drivers/STM32F7xx_HAL_Driver/Inc/Legacy -I../Drivers/CMSIS/Device/ST/STM32F7xx/Include -I../Drivers/CMSIS/Include -I"D:/Quentin_Documents/Cergy/ENSEA/3A/Noyau Temps Reel/TP2-Shell/rtos_td_shell-main/correction/shell" -O0 -ffunction-sections -fdata-sections -Wall -fstack-usage -MMD -MP -MF"Core/Src/sysmem.d" -MT"Core/Src/sysmem.o" --specs=nano.specs -mfpu=fpv5-sp-d16 -mfloat-abi=hard -mthumb -o "Core/Src/sysmem.o"
../Core/Src/fonctions_shell.c:16:14: error: unknown type name 'h_shell_t'
   16 | int fonction(h_shell_t * h_shell, int argc, char ** argv);
      |              ^~~~~~~~~
../Core/Src/fonctions_shell.c:17:14: error: unknown type name 'h_shell_t'
   17 | int addition(h_shell_t * h_shell, int argc, char ** argv);
      |              ^~~~~~~~~
make: *** [Core/Src/subdir.mk:46: Core/Src/fonctions_shell.o] Error 1
make: *** Waiting for unfinished jobs....
"make -j8 all" terminated with exit code 2. Build might be incomplete.
14:41:50 **** Incremental Build of configuration Debug for project rtos_td_shell ****
make -j8 all 
arm-none-eabi-gcc "../shell/shell.c" -mcpu=cortex-m7 -std=gnu11 -g3 -DDEBUG -DUSE_HAL_DRIVER -DSTM32F746xx -c -I../Core/Inc -I../Drivers/STM32F7xx_HAL_Driver/Inc -I../Drivers/STM32F7xx_HAL_Driver/Inc/Legacy -I../Drivers/CMSIS/Device/ST/STM32F7xx/Include -I../Drivers/CMSIS/Include -I"D:/Quentin_Documents/Cergy/ENSEA/3A/Noyau Temps Reel/TP2-Shell/rtos_td_shell-main/correction/shell" -O0 -ffunction-sections -fdata-sections -Wall -fstack-usage -MMD -MP -MF"shell/shell.d" -MT"shell/shell.o" --specs=nano.specs -mfpu=fpv5-sp-d16 -mfloat-abi=hard -mthumb -o "shell/shell.o"
arm-none-eabi-gcc "../Core/Src/fonctions_shell.c" -mcpu=cortex-m7 -std=gnu11 -g3 -DDEBUG -DUSE_HAL_DRIVER -DSTM32F746xx -c -I../Core/Inc -I../Drivers/STM32F7xx_HAL_Driver/Inc -I../Drivers/STM32F7xx_HAL_Driver/Inc/Legacy -I../Drivers/CMSIS/Device/ST/STM32F7xx/Include -I../Drivers/CMSIS/Include -I"D:/Quentin_Documents/Cergy/ENSEA/3A/Noyau Temps Reel/TP2-Shell/rtos_td_shell-main/correction/shell" -O0 -ffunction-sections -fdata-sections -Wall -fstack-usage -MMD -MP -MF"Core/Src/fonctions_shell.d" -MT"Core/Src/fonctions_shell.o" --specs=nano.specs -mfpu=fpv5-sp-d16 -mfloat-abi=hard -mthumb -o "Core/Src/fonctions_shell.o"
arm-none-eabi-gcc "../Core/Src/main.c" -mcpu=cortex-m7 -std=gnu11 -g3 -DDEBUG -DUSE_HAL_DRIVER -DSTM32F746xx -c -I../Core/Inc -I../Drivers/STM32F7xx_HAL_Driver/Inc -I../Drivers/STM32F7xx_HAL_Driver/Inc/Legacy -I../Drivers/CMSIS/Device/ST/STM32F7xx/Include -I../Drivers/CMSIS/Include -I"D:/Quentin_Documents/Cergy/ENSEA/3A/Noyau Temps Reel/TP2-Shell/rtos_td_shell-main/correction/shell" -O0 -ffunction-sections -fdata-sections -Wall -fstack-usage -MMD -MP -MF"Core/Src/main.d" -MT"Core/Src/main.o" --specs=nano.specs -mfpu=fpv5-sp-d16 -mfloat-abi=hard -mthumb -o "Core/Src/main.o"
arm-none-eabi-gcc "../Core/Src/system_stm32f7xx.c" -mcpu=cortex-m7 -std=gnu11 -g3 -DDEBUG -DUSE_HAL_DRIVER -DSTM32F746xx -c -I../Core/Inc -I../Drivers/STM32F7xx_HAL_Driver/Inc -I../Drivers/STM32F7xx_HAL_Driver/Inc/Legacy -I../Drivers/CMSIS/Device/ST/STM32F7xx/Include -I../Drivers/CMSIS/Include -I"D:/Quentin_Documents/Cergy/ENSEA/3A/Noyau Temps Reel/TP2-Shell/rtos_td_shell-main/correction/shell" -O0 -ffunction-sections -fdata-sections -Wall -fstack-usage -MMD -MP -MF"Core/Src/system_stm32f7xx.d" -MT"Core/Src/system_stm32f7xx.o" --specs=nano.specs -mfpu=fpv5-sp-d16 -mfloat-abi=hard -mthumb -o "Core/Src/system_stm32f7xx.o"
../shell/shell.c: In function 'sh_help':
../shell/shell.c:15:10: warning: implicit declaration of function 'snprintf' [-Wimplicit-function-declaration]
   15 |   size = snprintf (h_shell->print_buffer, BUFFER_SIZE, "%c: %s\r\n", h_shell->func_list[i].c, h_shell->func_list[i].description);
      |          ^~~~~~~~
../shell/shell.c:15:10: warning: incompatible implicit declaration of built-in function 'snprintf'
../shell/shell.c:9:1: note: include '<stdio.h>' or provide a declaration of 'snprintf'
    8 | #include "shell.h"
  +++ |+#include <stdio.h>
    9 | 
../shell/shell.c: In function 'shell_init':
../shell/shell.c:27:9: warning: incompatible implicit declaration of built-in function 'snprintf'
   27 |  size = snprintf (h_shell->print_buffer, BUFFER_SIZE, "\r\n\r\n===== Monsieur Shell v0.2 =====\r\n");
arm-none-eabi-gcc "../Core/Src/usart.c" -mcpu=cortex-m7 -std=gnu11 -g3 -DDEBUG -DUSE_HAL_DRIVER -DSTM32F746xx -c -I../Core/Inc -I../Drivers/STM32F7xx_HAL_Driver/Inc -I../Drivers/STM32F7xx_HAL_Driver/Inc/Legacy -I../Drivers/CMSIS/Device/ST/STM32F7xx/Include -I../Drivers/CMSIS/Include -I"D:/Quentin_Documents/Cergy/ENSEA/3A/Noyau Temps Reel/TP2-Shell/rtos_td_shell-main/correction/shell" -O0 -ffunction-sections -fdata-sections -Wall -fstack-usage -MMD -MP -MF"Core/Src/usart.d" -MT"Core/Src/usart.o" --specs=nano.specs -mfpu=fpv5-sp-d16 -mfloat-abi=hard -mthumb -o "Core/Src/usart.o"
      |         ^~~~~~~~
../shell/shell.c:27:9: note: include '<stdio.h>' or provide a declaration of 'snprintf'
../shell/shell.c: In function 'shell_exec':
../shell/shell.c:74:9: warning: incompatible implicit declaration of built-in function 'snprintf'
   74 |  size = snprintf (h_shell->print_buffer, BUFFER_SIZE, "%c: no such command\r\n", c);
      |         ^~~~~~~~
../shell/shell.c:74:9: note: include '<stdio.h>' or provide a declaration of 'snprintf'
../shell/shell.c: In function 'shell_run':
../shell/shell.c:99:12: warning: incompatible implicit declaration of built-in function 'snprintf'
   99 |     size = snprintf (h_shell->print_buffer, BUFFER_SIZE, "\r\n");
      |            ^~~~~~~~
../shell/shell.c:99:12: note: include '<stdio.h>' or provide a declaration of 'snprintf'
arm-none-eabi-gcc -o "rtos_td_shell.elf" @"objects.list"   -mcpu=cortex-m7 -T"D:\Quentin_Documents\Cergy\ENSEA\3A\Noyau Temps Reel\TP2-Shell\rtos_td_shell-main\correction\STM32F746NGHX_FLASH.ld" --specs=nosys.specs -Wl,-Map="rtos_td_shell.map" -Wl,--gc-sections -static --specs=nano.specs -mfpu=fpv5-sp-d16 -mfloat-abi=hard -mthumb -Wl,--start-group -lc -lm -Wl,--end-group
c:\st\stm32cubeide_1.10.1\stm32cubeide\plugins\com.st.stm32cube.ide.mcu.externaltools.gnu-tools-for-stm32.10.3-2021.10.win32_1.0.0.202111181127\tools\arm-none-eabi\bin\ld.exe: ./Core/Src/main.o: in function `fonction':
D:/Quentin_Documents/Cergy/ENSEA/3A/Noyau Temps Reel/TP2-Shell/rtos_td_shell-main/correction/Debug/../Core/Src/fonctions_shell.c:4: multiple definition of `fonction'; ./Core/Src/fonctions_shell.o:D:/Quentin_Documents/Cergy/ENSEA/3A/Noyau Temps Reel/TP2-Shell/rtos_td_shell-main/correction/Debug/../Core/Src/fonctions_shell.c:4: first defined here
c:\st\stm32cubeide_1.10.1\stm32cubeide\plugins\com.st.stm32cube.ide.mcu.externaltools.gnu-tools-for-stm32.10.3-2021.10.win32_1.0.0.202111181127\tools\arm-none-eabi\bin\ld.exe: ./Core/Src/main.o: in function `addition':
D:/Quentin_Documents/Cergy/ENSEA/3A/Noyau Temps Reel/TP2-Shell/rtos_td_shell-main/correction/Debug/../Core/Src/fonctions_shell.c:13: multiple definition of `addition'; ./Core/Src/fonctions_shell.o:D:/Quentin_Documents/Cergy/ENSEA/3A/Noyau Temps Reel/TP2-Shell/rtos_td_shell-main/correction/Debug/../Core/Src/fonctions_shell.c:13: first defined here
collect2.exe: error: ld returned 1 exit status
make: *** [makefile:65: rtos_td_shell.elf] Error 1
"make -j8 all" terminated with exit code 2. Build might be incomplete.
14:43:03 **** Incremental Build of configuration Debug for project rtos_td_shell ****
make -j8 all 
arm-none-eabi-gcc "../shell/shell.c" -mcpu=cortex-m7 -std=gnu11 -g3 -DDEBUG -DUSE_HAL_DRIVER -DSTM32F746xx -c -I../Core/Inc -I../Drivers/STM32F7xx_HAL_Driver/Inc -I../Drivers/STM32F7xx_HAL_Driver/Inc/Legacy -I../Drivers/CMSIS/Device/ST/STM32F7xx/Include -I../Drivers/CMSIS/Include -I"D:/Quentin_Documents/Cergy/ENSEA/3A/Noyau Temps Reel/TP2-Shell/rtos_td_shell-main/correction/shell" -O0 -ffunction-sections -fdata-sections -Wall -fstack-usage -MMD -MP -MF"shell/shell.d" -MT"shell/shell.o" --specs=nano.specs -mfpu=fpv5-sp-d16 -mfloat-abi=hard -mthumb -o "shell/shell.o"
arm-none-eabi-gcc "../Core/Src/fonctions_shell.c" -mcpu=cortex-m7 -std=gnu11 -g3 -DDEBUG -DUSE_HAL_DRIVER -DSTM32F746xx -c -I../Core/Inc -I../Drivers/STM32F7xx_HAL_Driver/Inc -I../Drivers/STM32F7xx_HAL_Driver/Inc/Legacy -I../Drivers/CMSIS/Device/ST/STM32F7xx/Include -I../Drivers/CMSIS/Include -I"D:/Quentin_Documents/Cergy/ENSEA/3A/Noyau Temps Reel/TP2-Shell/rtos_td_shell-main/correction/shell" -O0 -ffunction-sections -fdata-sections -Wall -fstack-usage -MMD -MP -MF"Core/Src/fonctions_shell.d" -MT"Core/Src/fonctions_shell.o" --specs=nano.specs -mfpu=fpv5-sp-d16 -mfloat-abi=hard -mthumb -o "Core/Src/fonctions_shell.o"
arm-none-eabi-gcc "../Core/Src/main.c" -mcpu=cortex-m7 -std=gnu11 -g3 -DDEBUG -DUSE_HAL_DRIVER -DSTM32F746xx -c -I../Core/Inc -I../Drivers/STM32F7xx_HAL_Driver/Inc -I../Drivers/STM32F7xx_HAL_Driver/Inc/Legacy -I../Drivers/CMSIS/Device/ST/STM32F7xx/Include -I../Drivers/CMSIS/Include -I"D:/Quentin_Documents/Cergy/ENSEA/3A/Noyau Temps Reel/TP2-Shell/rtos_td_shell-main/correction/shell" -O0 -ffunction-sections -fdata-sections -Wall -fstack-usage -MMD -MP -MF"Core/Src/main.d" -MT"Core/Src/main.o" --specs=nano.specs -mfpu=fpv5-sp-d16 -mfloat-abi=hard -mthumb -o "Core/Src/main.o"
arm-none-eabi-gcc -o "rtos_td_shell.elf" @"objects.list"   -mcpu=cortex-m7 -T"D:\Quentin_Documents\Cergy\ENSEA\3A\Noyau Temps Reel\TP2-Shell\rtos_td_shell-main\correction\STM32F746NGHX_FLASH.ld" --specs=nosys.specs -Wl,-Map="rtos_td_shell.map" -Wl,--gc-sections -static --specs=nano.specs -mfpu=fpv5-sp-d16 -mfloat-abi=hard -mthumb -Wl,--start-group -lc -lm -Wl,--end-group
c:\st\stm32cubeide_1.10.1\stm32cubeide\plugins\com.st.stm32cube.ide.mcu.externaltools.gnu-tools-for-stm32.10.3-2021.10.win32_1.0.0.202111181127\tools\arm-none-eabi\bin\ld.exe: ./Core/Src/main.o: in function `fonction':
D:/Quentin_Documents/Cergy/ENSEA/3A/Noyau Temps Reel/TP2-Shell/rtos_td_shell-main/correction/Debug/../Core/Src/fonctions_shell.c:4: multiple definition of `fonction'; ./Core/Src/fonctions_shell.o:D:/Quentin_Documents/Cergy/ENSEA/3A/Noyau Temps Reel/TP2-Shell/rtos_td_shell-main/correction/Debug/../Core/Src/fonctions_shell.c:4: first defined here
c:\st\stm32cubeide_1.10.1\stm32cubeide\plugins\com.st.stm32cube.ide.mcu.externaltools.gnu-tools-for-stm32.10.3-2021.10.win32_1.0.0.202111181127\tools\arm-none-eabi\bin\ld.exe: ./Core/Src/main.o: in function `addition':
D:/Quentin_Documents/Cergy/ENSEA/3A/Noyau Temps Reel/TP2-Shell/rtos_td_shell-main/correction/Debug/../Core/Src/fonctions_shell.c:13: multiple definition of `addition'; ./Core/Src/fonctions_shell.o:D:/Quentin_Documents/Cergy/ENSEA/3A/Noyau Temps Reel/TP2-Shell/rtos_td_shell-main/correction/Debug/../Core/Src/fonctions_shell.c:13: first defined here
collect2.exe: error: ld returned 1 exit status
make: *** [makefile:65: rtos_td_shell.elf] Error 1
[...]
make -j8 all 
arm-none-eabi-gcc "../shell/drv_uart1.c" -mcpu=cortex-m7 -std=gnu11 -g3 -DDEBUG -DUSE_HAL_DRIVER -DSTM32F746xx -c -I../Core/Inc -I../Drivers/STM32F7xx_HAL_Driver/Inc -I../Drivers/STM32F7xx_HAL_Driver/Inc/Legacy -I../Drivers/CMSIS/Device/ST/STM32F7xx/Include -I../Drivers/CMSIS/Include -I"D:/Quentin_Documents/Cergy/ENSEA/3A/Noyau Temps Reel/TP2-Shell/rtos_td_shell-main/correction/shell" -I../Middlewares/Third_Party/FreeRTOS/Source/include -I../Middlewares/Third_Party/FreeRTOS/Source/portable/GCC/ARM_CM7/r0p1 -I../Middlewares/Third_Party/FreeRTOS/Source/CMSIS_RTOS -O0 -ffunction-sections -fdata-sections -Wall -fstack-usage -MMD -MP -MF"shell/drv_uart1.d" -MT"shell/drv_uart1.o" --specs=nano.specs -mfpu=fpv5-sp-d16 -mfloat-abi=hard -mthumb -o "shell/drv_uart1.o"
arm-none-eabi-gcc "../Core/Src/fonctions_shell.c" -mcpu=cortex-m7 -std=gnu11 -g3 -DDEBUG -DUSE_HAL_DRIVER -DSTM32F746xx -c -I../Core/Inc -I../Drivers/STM32F7xx_HAL_Driver/Inc -I../Drivers/STM32F7xx_HAL_Driver/Inc/Legacy -I../Drivers/CMSIS/Device/ST/STM32F7xx/Include -I../Drivers/CMSIS/Include -I"D:/Quentin_Documents/Cergy/ENSEA/3A/Noyau Temps Reel/TP2-Shell/rtos_td_shell-main/correction/shell" -I../Middlewares/Third_Party/FreeRTOS/Source/include -I../Middlewares/Third_Party/FreeRTOS/Source/portable/GCC/ARM_CM7/r0p1 -I../Middlewares/Third_Party/FreeRTOS/Source/CMSIS_RTOS -O0 -ffunction-sections -fdata-sections -Wall -fstack-usage -MMD -MP -MF"Core/Src/fonctions_shell.d" -MT"Core/Src/fonctions_shell.o" --specs=nano.specs -mfpu=fpv5-sp-d16 -mfloat-abi=hard -mthumb -o "Core/Src/fonctions_shell.o"
In file included from ../Middlewares/Third_Party/FreeRTOS/Source/CMSIS_RTOS/cmsis_os.h:60,
                 from ../shell/drv_uart1.h:15,
                 from ../shell/drv_uart1.c:8:
../shell/drv_uart1.c: In function 'HAL_UART_RxCpltCallback':
../Middlewares/Third_Party/FreeRTOS/Source/include/semphr.h:624:125: warning: passing argument 2 of 'xQueueGiveFromISR' makes pointer from integer without a cast [-Wint-conversion]
  624 | #define xSemaphoreGiveFromISR( xSemaphore, pxHigherPriorityTaskWoken ) xQueueGiveFromISR( ( QueueHandle_t ) ( xSemaphore ), ( pxHigherPriorityTaskWoken ) )
      |                                                                                                                             ^~~~~~~~~~~~~~~~~~~~~~~~~~~~~
      |                                                                                                                             |
      |                                                                                                                             BaseType_t {aka long int}
../shell/drv_uart1.c:34:2: note: in expansion of macro 'xSemaphoreGiveFromISR'
   34 |  xSemaphoreGiveFromISR(semaphori,HPTW);
      |  ^~~~~~~~~~~~~~~~~~~~~
In file included from ../Middlewares/Third_Party/FreeRTOS/Source/CMSIS_RTOS/cmsis_os.h:59,
                 from ../shell/drv_uart1.h:15,
                 from ../shell/drv_uart1.c:8:
../Middlewares/Third_Party/FreeRTOS/Source/include/queue.h:1296:72: note: expected 'BaseType_t * const' {aka 'long int * const'} but argument is of type 'BaseType_t' {aka 'long int'}
 1296 | BaseType_t xQueueGiveFromISR( QueueHandle_t xQueue, BaseType_t * const pxHigherPriorityTaskWoken ) PRIVILEGED_FUNCTION;
      |                                                     ~~~~~~~~~~~~~~~~~~~^~~~~~~~~~~~~~~~~~~~~~~~~
../Core/Src/fonctions_shell.c: In function 'ledsw':
../Core/Src/fonctions_shell.c:42:27: error: expected ';' before 'while'
   42 |  LED_DELAY = atoi(argv[1])
      |                           ^
      |                           ;
   43 |  while (1){
      |  ~~~~~                     
../Core/Src/fonctions_shell.c:68:1: warning: control reaches end of non-void function [-Wreturn-type]
   68 | }
      | ^
make: *** [Core/Src/subdir.mk:49: Core/Src/fonctions_shell.o] Error 1
make: *** Waiting for unfinished jobs....
"make -j8 all" terminated with exit code 2. Build might be incomplete.
22:49:46 **** Incremental Build of configuration Debug for project rtos_td_shell ****
make -j8 all 
arm-none-eabi-gcc "../shell/drv_uart1.c" -mcpu=cortex-m7 -std=gnu11 -g3 -DDEBUG -DUSE_HAL_DRIVER -DSTM32F746xx -c -I../Core/Inc -I../Drivers/STM32F7xx_HAL_Driver/Inc -I../Drivers/STM32F7xx_HAL_Driver/Inc/Legacy -I../Drivers/CMSIS/Device/ST/STM32F7xx/Include -I../Drivers/CMSIS/Include -I"D:/Quentin_Documents/Cergy/ENSEA/3A/Noyau Temps Reel/TP2-Shell/rtos_td_shell-main/correction/shell" -I../Middlewares/Third_Party/FreeRTOS/Source/include -I../Middlewares/Third_Party/FreeRTOS/Source/portable/GCC/ARM_CM7/r0p1 -I../Middlewares/Third_Party/FreeRTOS/Source/CMSIS_RTOS -O0 -ffunction-sections -fdata-sections -Wall -fstack-usage -MMD -MP -MF"shell/drv_uart1.d" -MT"shell/drv_uart1.o" --specs=nano.specs -mfpu=fpv5-sp-d16 -mfloat-abi=hard -mthumb -o "shell/drv_uart1.o"
arm-none-eabi-gcc "../Core/Src/fonctions_shell.c" -mcpu=cortex-m7 -std=gnu11 -g3 -DDEBUG -DUSE_HAL_DRIVER -DSTM32F746xx -c -I../Core/Inc -I../Drivers/STM32F7xx_HAL_Driver/Inc -I../Drivers/STM32F7xx_HAL_Driver/Inc/Legacy -I../Drivers/CMSIS/Device/ST/STM32F7xx/Include -I../Drivers/CMSIS/Include -I"D:/Quentin_Documents/Cergy/ENSEA/3A/Noyau Temps Reel/TP2-Shell/rtos_td_shell-main/correction/shell" -I../Middlewares/Third_Party/FreeRTOS/Source/include -I../Middlewares/Third_Party/FreeRTOS/Source/portable/GCC/ARM_CM7/r0p1 -I../Middlewares/Third_Party/FreeRTOS/Source/CMSIS_RTOS -O0 -ffunction-sections -fdata-sections -Wall -fstack-usage -MMD -MP -MF"Core/Src/fonctions_shell.d" -MT"Core/Src/fonctions_shell.o" --specs=nano.specs -mfpu=fpv5-sp-d16 -mfloat-abi=hard -mthumb -o "Core/Src/fonctions_shell.o"
../shell/drv_uart1.c: In function 'HAL_UART_RxCpltCallback':
../shell/drv_uart1.c:33:13: warning: unused variable 'HPTW' [-Wunused-variable]
   33 |  BaseType_t HPTW = pdFALSE;
      |             ^~~~
../Core/Src/fonctions_shell.c: In function 'ledsw':
../Core/Src/fonctions_shell.c:42:27: error: expected ';' before 'while'
   42 |  LED_DELAY = atoi(argv[1])
      |                           ^
      |                           ;
   43 |  while (1){
      |  ~~~~~                     
../Core/Src/fonctions_shell.c:68:1: warning: control reaches end of non-void function [-Wreturn-type]
   68 | }
      | ^
make: *** [Core/Src/subdir.mk:49: Core/Src/fonctions_shell.o] Error 1
make: *** Waiting for unfinished jobs....
"make -j8 all" terminated with exit code 2. Build might be incomplete.
22:50:04 **** Incremental Build of configuration Debug for project rtos_td_shell ****
make -j8 all 
arm-none-eabi-gcc "../Core/Src/fonctions_shell.c" -mcpu=cortex-m7 -std=gnu11 -g3 -DDEBUG -DUSE_HAL_DRIVER -DSTM32F746xx -c -I../Core/Inc -I../Drivers/STM32F7xx_HAL_Driver/Inc -I../Drivers/STM32F7xx_HAL_Driver/Inc/Legacy -I../Drivers/CMSIS/Device/ST/STM32F7xx/Include -I../Drivers/CMSIS/Include -I"D:/Quentin_Documents/Cergy/ENSEA/3A/Noyau Temps Reel/TP2-Shell/rtos_td_shell-main/correction/shell" -I../Middlewares/Third_Party/FreeRTOS/Source/include -I../Middlewares/Third_Party/FreeRTOS/Source/portable/GCC/ARM_CM7/r0p1 -I../Middlewares/Third_Party/FreeRTOS/Source/CMSIS_RTOS -O0 -ffunction-sections -fdata-sections -Wall -fstack-usage -MMD -MP -MF"Core/Src/fonctions_shell.d" -MT"Core/Src/fonctions_shell.o" --specs=nano.specs -mfpu=fpv5-sp-d16 -mfloat-abi=hard -mthumb -o "Core/Src/fonctions_shell.o"
arm-none-eabi-gcc -o "rtos_td_shell.elf" @"objects.list"   -mcpu=cortex-m7 -T"D:\Quentin_Documents\Cergy\ENSEA\3A\Noyau Temps Reel\TP2-Shell\rtos_td_shell-main\correction\STM32F746NGHX_FLASH.ld" --specs=nosys.specs -Wl,-Map="rtos_td_shell.map" -Wl,--gc-sections -static --specs=nano.specs -mfpu=fpv5-sp-d16 -mfloat-abi=hard -mthumb -Wl,--start-group -lc -lm -Wl,--end-group
Finished building target: rtos_td_shell.elf
 
arm-none-eabi-size   rtos_td_shell.elf 
arm-none-eabi-objdump -h -S  rtos_td_shell.elf  > "rtos_td_shell.list"
   text	   data	    bss	    dec	    hex	filename
  32624	    128	  19152	  51904	   cac0	rtos_td_shell.elf
Finished building: default.size.stdout
 
Finished building: rtos_td_shell.list
 
22:52:21 **** Incremental Build of configuration Debug for project rtos_td_shell ****
make -j8 all 
arm-none-eabi-size   rtos_td_shell.elf 
   text	   data	    bss	    dec	    hex	filename
  32624	    128	  19152	  51904	   cac0	rtos_td_shell.elf
Finished building: default.size.stdout
 
22:54:48 **** Incremental Build of configuration Debug for project rtos_td_shell ****
make -j8 all 
arm-none-eabi-gcc "../Core/Src/main.c" -mcpu=cortex-m7 -std=gnu11 -g3 -DDEBUG -DUSE_HAL_DRIVER -DSTM32F746xx -c -I../Core/Inc -I../Drivers/STM32F7xx_HAL_Driver/Inc -I../Drivers/STM32F7xx_HAL_Driver/Inc/Legacy -I../Drivers/CMSIS/Device/ST/STM32F7xx/Include -I../Drivers/CMSIS/Include -I"D:/Quentin_Documents/Cergy/ENSEA/3A/Noyau Temps Reel/TP2-Shell/rtos_td_shell-main/correction/shell" -I../Middlewares/Third_Party/FreeRTOS/Source/include -I../Middlewares/Third_Party/FreeRTOS/Source/portable/GCC/ARM_CM7/r0p1 -I../Middlewares/Third_Party/FreeRTOS/Source/CMSIS_RTOS -O0 -ffunction-sections -fdata-sections -Wall -fstack-usage -MMD -MP -MF"Core/Src/main.d" -MT"Core/Src/main.o" --specs=nano.specs -mfpu=fpv5-sp-d16 -mfloat-abi=hard -mthumb -o "Core/Src/main.o"
../Core/Src/main.c: In function 'main':
../Core/Src/main.c:119:7: error: 'ledsw' undeclared (first use in this function); did you mean 'led'?
  119 |       ledsw, /* Function that implements the task. */
      |       ^~~~~
      |       led
../Core/Src/main.c:119:7: note: each undeclared identifier is reported only once for each function it appears in
../Core/Src/main.c:140:9: warning: passing argument 1 of 'xTaskCreate' from incompatible pointer type [-Wincompatible-pointer-types]
  140 |         shell_run, /* Function that implements the task. */
      |         ^~~~~~~~~
      |         |
      |         int (*)(h_shell_t *) {aka int (*)(struct h_shell_struct *)}
In file included from ../Middlewares/Third_Party/FreeRTOS/Source/CMSIS_RTOS/cmsis_os.h:57,
                 from ../Core/Src/main.c:21:
../Middlewares/Third_Party/FreeRTOS/Source/include/task.h:330:41: note: expected 'TaskFunction_t' {aka 'void (*)(void *)'} but argument is of type 'int (*)(h_shell_t *)' {aka 'int (*)(struct h_shell_struct *)'}
  330 |  BaseType_t xTaskCreate( TaskFunction_t pxTaskCode,
      |                          ~~~~~~~~~~~~~~~^~~~~~~~~~
make: *** [Core/Src/subdir.mk:49: Core/Src/main.o] Error 1
"make -j8 all" terminated with exit code 2. Build might be incomplete.
22:57:37 **** Incremental Build of configuration Debug for project rtos_td_shell ****
make -j8 all 
arm-none-eabi-gcc "../Core/Src/fonctions_shell.c" -mcpu=cortex-m7 -std=gnu11 -g3 -DDEBUG -DUSE_HAL_DRIVER -DSTM32F746xx -c -I../Core/Inc -I../Drivers/STM32F7xx_HAL_Driver/Inc -I../Drivers/STM32F7xx_HAL_Driver/Inc/Legacy -I../Drivers/CMSIS/Device/ST/STM32F7xx/Include -I../Drivers/CMSIS/Include -I"D:/Quentin_Documents/Cergy/ENSEA/3A/Noyau Temps Reel/TP2-Shell/rtos_td_shell-main/correction/shell" -I../Middlewares/Third_Party/FreeRTOS/Source/include -I../Middlewares/Third_Party/FreeRTOS/Source/portable/GCC/ARM_CM7/r0p1 -I../Middlewares/Third_Party/FreeRTOS/Source/CMSIS_RTOS -O0 -ffunction-sections -fdata-sections -Wall -fstack-usage -MMD -MP -MF"Core/Src/fonctions_shell.d" -MT"Core/Src/fonctions_shell.o" --specs=nano.specs -mfpu=fpv5-sp-d16 -mfloat-abi=hard -mthumb -o "Core/Src/fonctions_shell.o"
arm-none-eabi-gcc "../Core/Src/main.c" -mcpu=cortex-m7 -std=gnu11 -g3 -DDEBUG -DUSE_HAL_DRIVER -DSTM32F746xx -c -I../Core/Inc -I../Drivers/STM32F7xx_HAL_Driver/Inc -I../Drivers/STM32F7xx_HAL_Driver/Inc/Legacy -I../Drivers/CMSIS/Device/ST/STM32F7xx/Include -I../Drivers/CMSIS/Include -I"D:/Quentin_Documents/Cergy/ENSEA/3A/Noyau Temps Reel/TP2-Shell/rtos_td_shell-main/correction/shell" -I../Middlewares/Third_Party/FreeRTOS/Source/include -I../Middlewares/Third_Party/FreeRTOS/Source/portable/GCC/ARM_CM7/r0p1 -I../Middlewares/Third_Party/FreeRTOS/Source/CMSIS_RTOS -O0 -ffunction-sections -fdata-sections -Wall -fstack-usage -MMD -MP -MF"Core/Src/main.d" -MT"Core/Src/main.o" --specs=nano.specs -mfpu=fpv5-sp-d16 -mfloat-abi=hard -mthumb -o "Core/Src/main.o"
../Core/Src/main.c: In function 'main':
../Core/Src/main.c:119:7: warning: passing argument 1 of 'xTaskCreate' from incompatible pointer type [-Wincompatible-pointer-types]
  119 |       ledsw, /* Function that implements the task. */
      |       ^~~~~
      |       |
      |       int (*)(h_shell_t *, int,  char **) {aka int (*)(struct h_shell_struct *, int,  char **)}
In file included from ../Middlewares/Third_Party/FreeRTOS/Source/CMSIS_RTOS/cmsis_os.h:57,
                 from ../Core/Src/main.c:21:
../Middlewares/Third_Party/FreeRTOS/Source/include/task.h:330:41: note: expected 'TaskFunction_t' {aka 'void (*)(void *)'} but argument is of type 'int (*)(h_shell_t *, int,  char **)' {aka 'int (*)(struct h_shell_struct *, int,  char **)'}
  330 |  BaseType_t xTaskCreate( TaskFunction_t pxTaskCode,
      |                          ~~~~~~~~~~~~~~~^~~~~~~~~~
../Core/Src/main.c:140:9: warning: passing argument 1 of 'xTaskCreate' from incompatible pointer type [-Wincompatible-pointer-types]
  140 |         shell_run, /* Function that implements the task. */
      |         ^~~~~~~~~
      |         |
      |         int (*)(h_shell_t *) {aka int (*)(struct h_shell_struct *)}
In file included from ../Middlewares/Third_Party/FreeRTOS/Source/CMSIS_RTOS/cmsis_os.h:57,
                 from ../Core/Src/main.c:21:
../Middlewares/Third_Party/FreeRTOS/Source/include/task.h:330:41: note: expected 'TaskFunction_t' {aka 'void (*)(void *)'} but argument is of type 'int (*)(h_shell_t *)' {aka 'int (*)(struct h_shell_struct *)'}
  330 |  BaseType_t xTaskCreate( TaskFunction_t pxTaskCode,
      |                          ~~~~~~~~~~~~~~~^~~~~~~~~~
arm-none-eabi-gcc -o "rtos_td_shell.elf" @"objects.list"   -mcpu=cortex-m7 -T"D:\Quentin_Documents\Cergy\ENSEA\3A\Noyau Temps Reel\TP2-Shell\rtos_td_shell-main\correction\STM32F746NGHX_FLASH.ld" --specs=nosys.specs -Wl,-Map="rtos_td_shell.map" -Wl,--gc-sections -static --specs=nano.specs -mfpu=fpv5-sp-d16 -mfloat-abi=hard -mthumb -Wl,--start-group -lc -lm -Wl,--end-group
Finished building target: rtos_td_shell.elf
 
arm-none-eabi-size   rtos_td_shell.elf 
arm-none-eabi-objdump -h -S  rtos_td_shell.elf  > "rtos_td_shell.list"
   text	   data	    bss	    dec	    hex	filename
  32752	    128	  19152	  52032	   cb40	rtos_td_shell.elf
Finished building: default.size.stdout
 
Finished building: rtos_td_shell.list
 
23:00:44 **** Incremental Build of configuration Debug for project rtos_td_shell ****
make -j8 all 
arm-none-eabi-gcc "../Core/Src/fonctions_shell.c" -mcpu=cortex-m7 -std=gnu11 -g3 -DDEBUG -DUSE_HAL_DRIVER -DSTM32F746xx -c -I../Core/Inc -I../Drivers/STM32F7xx_HAL_Driver/Inc -I../Drivers/STM32F7xx_HAL_Driver/Inc/Legacy -I../Drivers/CMSIS/Device/ST/STM32F7xx/Include -I../Drivers/CMSIS/Include -I"D:/Quentin_Documents/Cergy/ENSEA/3A/Noyau Temps Reel/TP2-Shell/rtos_td_shell-main/correction/shell" -I../Middlewares/Third_Party/FreeRTOS/Source/include -I../Middlewares/Third_Party/FreeRTOS/Source/portable/GCC/ARM_CM7/r0p1 -I../Middlewares/Third_Party/FreeRTOS/Source/CMSIS_RTOS -O0 -ffunction-sections -fdata-sections -Wall -fstack-usage -MMD -MP -MF"Core/Src/fonctions_shell.d" -MT"Core/Src/fonctions_shell.o" --specs=nano.specs -mfpu=fpv5-sp-d16 -mfloat-abi=hard -mthumb -o "Core/Src/fonctions_shell.o"
arm-none-eabi-gcc -o "rtos_td_shell.elf" @"objects.list"   -mcpu=cortex-m7 -T"D:\Quentin_Documents\Cergy\ENSEA\3A\Noyau Temps Reel\TP2-Shell\rtos_td_shell-main\correction\STM32F746NGHX_FLASH.ld" --specs=nosys.specs -Wl,-Map="rtos_td_shell.map" -Wl,--gc-sections -static --specs=nano.specs -mfpu=fpv5-sp-d16 -mfloat-abi=hard -mthumb -Wl,--start-group -lc -lm -Wl,--end-group
Finished building target: rtos_td_shell.elf
 
arm-none-eabi-size   rtos_td_shell.elf 
arm-none-eabi-objdump -h -S  rtos_td_shell.elf  > "rtos_td_shell.list"
   text	   data	    bss	    dec	    hex	filename
  32752	    128	  19152	  52032	   cb40	rtos_td_shell.elf
Finished building: default.size.stdout
 
Finished building: rtos_td_shell.list
 
23:03:39 **** Incremental Build of configuration Debug for project rtos_td_shell ****
make -j8 all 
arm-none-eabi-gcc "../Core/Src/fonctions_shell.c" -mcpu=cortex-m7 -std=gnu11 -g3 -DDEBUG -DUSE_HAL_DRIVER -DSTM32F746xx -c -I../Core/Inc -I../Drivers/STM32F7xx_HAL_Driver/Inc -I../Drivers/STM32F7xx_HAL_Driver/Inc/Legacy -I../Drivers/CMSIS/Device/ST/STM32F7xx/Include -I../Drivers/CMSIS/Include -I"D:/Quentin_Documents/Cergy/ENSEA/3A/Noyau Temps Reel/TP2-Shell/rtos_td_shell-main/correction/shell" -I../Middlewares/Third_Party/FreeRTOS/Source/include -I../Middlewares/Third_Party/FreeRTOS/Source/portable/GCC/ARM_CM7/r0p1 -I../Middlewares/Third_Party/FreeRTOS/Source/CMSIS_RTOS -O0 -ffunction-sections -fdata-sections -Wall -fstack-usage -MMD -MP -MF"Core/Src/fonctions_shell.d" -MT"Core/Src/fonctions_shell.o" --specs=nano.specs -mfpu=fpv5-sp-d16 -mfloat-abi=hard -mthumb -o "Core/Src/fonctions_shell.o"
arm-none-eabi-gcc -o "rtos_td_shell.elf" @"objects.list"   -mcpu=cortex-m7 -T"D:\Quentin_Documents\Cergy\ENSEA\3A\Noyau Temps Reel\TP2-Shell\rtos_td_shell-main\correction\STM32F746NGHX_FLASH.ld" --specs=nosys.specs -Wl,-Map="rtos_td_shell.map" -Wl,--gc-sections -static --specs=nano.specs -mfpu=fpv5-sp-d16 -mfloat-abi=hard -mthumb -Wl,--start-group -lc -lm -Wl,--end-group
Finished building target: rtos_td_shell.elf
 
arm-none-eabi-size   rtos_td_shell.elf 
arm-none-eabi-objdump -h -S  rtos_td_shell.elf  > "rtos_td_shell.list"
   text	   data	    bss	    dec	    hex	filename
  32640	    128	  19152	  51920	   cad0	rtos_td_shell.elf
Finished building: default.size.stdout
 
Finished building: rtos_td_shell.list
 
23:03:58 **** Incremental Build of configuration Debug for project rtos_td_shell ****
make -j8 all 
arm-none-eabi-size   rtos_td_shell.elf 
   text	   data	    bss	    dec	    hex	filename
  32640	    128	  19152	  51920	   cad0	rtos_td_shell.elf
Finished building: default.size.stdout
 
23:04:44 **** Incremental Build of configuration Debug for project rtos_td_shell ****
make -j8 all 
arm-none-eabi-gcc "../Core/Src/fonctions_shell.c" -mcpu=cortex-m7 -std=gnu11 -g3 -DDEBUG -DUSE_HAL_DRIVER -DSTM32F746xx -c -I../Core/Inc -I../Drivers/STM32F7xx_HAL_Driver/Inc -I../Drivers/STM32F7xx_HAL_Driver/Inc/Legacy -I../Drivers/CMSIS/Device/ST/STM32F7xx/Include -I../Drivers/CMSIS/Include -I"D:/Quentin_Documents/Cergy/ENSEA/3A/Noyau Temps Reel/TP2-Shell/rtos_td_shell-main/correction/shell" -I../Middlewares/Third_Party/FreeRTOS/Source/include -I../Middlewares/Third_Party/FreeRTOS/Source/portable/GCC/ARM_CM7/r0p1 -I../Middlewares/Third_Party/FreeRTOS/Source/CMSIS_RTOS -O0 -ffunction-sections -fdata-sections -Wall -fstack-usage -MMD -MP -MF"Core/Src/fonctions_shell.d" -MT"Core/Src/fonctions_shell.o" --specs=nano.specs -mfpu=fpv5-sp-d16 -mfloat-abi=hard -mthumb -o "Core/Src/fonctions_shell.o"
arm-none-eabi-gcc -o "rtos_td_shell.elf" @"objects.list"   -mcpu=cortex-m7 -T"D:\Quentin_Documents\Cergy\ENSEA\3A\Noyau Temps Reel\TP2-Shell\rtos_td_shell-main\correction\STM32F746NGHX_FLASH.ld" --specs=nosys.specs -Wl,-Map="rtos_td_shell.map" -Wl,--gc-sections -static --specs=nano.specs -mfpu=fpv5-sp-d16 -mfloat-abi=hard -mthumb -Wl,--start-group -lc -lm -Wl,--end-group
Finished building target: rtos_td_shell.elf
 
arm-none-eabi-size   rtos_td_shell.elf 
arm-none-eabi-objdump -h -S  rtos_td_shell.elf  > "rtos_td_shell.list"
   text	   data	    bss	    dec	    hex	filename
  32624	    128	  19152	  51904	   cac0	rtos_td_shell.elf
Finished building: default.size.stdout
 
Finished building: rtos_td_shell.list
 
01:05:38 **** Incremental Build of configuration Debug for project rtos_td_shell ****
make -j8 all 
arm-none-eabi-size   rtos_td_shell.elf 
   text	   data	    bss	    dec	    hex	filename
  32624	    128	  19152	  51904	   cac0	rtos_td_shell.elf
Finished building: default.size.stdout
 
